2026-09-12 21:53:43,778 INFO Discovering SNOTEL stations...
2026-09-12 21:53:56,719 INFO HTTP Request: GET https://wcc.sc.egov.usda.gov/awdbRestApi/services/v1/stations?stateCode=CO&networkCode=SNTL "HTTP/1.1 200 OK"
2026-09-12 21:54:00,870 INFO Discovered 118 CO SNTL stations
2026-09-12 21:54:00,875 INFO Pulling daily data for 118 stations from 2014-10-01 to 2025-09-01
2026-09-12 21:54:04,050 INFO HTTP Request: GET https://wcc.sc.egov.usda.gov/awdbRestApi/services/v1/data?stationTriplets=1005%3ACO%3ASNTL&beginDate=2014-10-01&endDate=2025-09-01&duration=DAILY&elements=WTEQ%2CSNWD%2CPRCP%2CTMIN%2CTMAX%2CTAVG "HTTP/1.1 200 OK"
2026-09-12 21:54:08,929 INFO   1005:CO:SNTL: 3989 readings
2026-09-12 21:54:12,328 INFO HTTP Request: GET https://wcc.sc.egov.usda.gov/awdbRestApi/services/v1/data?stationTriplets=1014%3ACO%3ASNTL&beginDate=2014-10-01&endDate=2025-09-01&duration=DAILY&elements=WTEQ%2CSNWD%2CPRCP%2CTMIN%2CTMAX%2CTAVG "HTTP/1.1 200 OK"
2026-09-12 21:54:17,324 INFO   1014:CO:SNTL: 3989 readings
2026-09-12 21:54:20,102 INFO HTTP Request: GET https://wcc.sc.egov.usda.gov/awdbRestApi/services/v1/data?stationTriplets=1030%3ACO%3ASNTL&beginDate=2014-10-01&endDate=2025-09-01&duration=DAILY&elements=WTEQ%2CSNWD%2CPRCP%2CTMIN%2CTMAX%2CTAVG "HTTP/1.1 200 OK"
2026-09-12 21:54:25,167 INFO   1030:CO:SNTL: 3989 readings
2026-09-12 21:54:27,755 INFO HTTP Request: GET https://wcc.sc.egov.usda.gov/awdbRestApi/services/v1/data?stationTriplets=1031%3ACO%3ASNTL&beginDate=2014-10-01&endDate=2025-09-01&duration=DAILY&elements=WTEQ%2CSNWD%2CPRCP%2CTMIN%2CTMAX%2CTAVG "HTTP/1.1 200 OK"
2026-09-12 21:54:32,997 INFO   1031:CO:SNTL: 3989 readings
2026-09-12 21:54:35,916 INFO HTTP Request: GET https://wcc.sc.egov.usda.gov/awdbRestApi/services/v1/data?stationTriplets=1032%3ACO%3ASNTL&beginDate=2014-10-01&endDate=2025-09-01&duration=DAILY&elements=WTEQ%2CSNWD%2CPRCP%2CTMIN%2CTMAX%2CTAVG "HTTP/1.1 200 OK"
2026-09-12 21:54:40,977 INFO   1032:CO:SNTL: 3989 readings
2026-09-12 21:54:44,458 INFO HTTP Request: GET https://wcc.sc.egov.usda.gov/awdbRestApi/services/v1/data?stationTriplets=1033%3ACO%3ASNTL&beginDate=2014-10-01&endDate=2025-09-01&duration=DAILY&elements=WTEQ%2CSNWD%2CPRCP%2CTMIN%2CTMAX%2CTAVG "HTTP/1.1 200 OK"
2026-09-12 21:54:51,403 INFO   1033:CO:SNTL: 3989 readings
2026-09-12 21:54:54,058 INFO HTTP Request: GET https://wcc.sc.egov.usda.gov/awdbRestApi/services/v1/data?stationTriplets=1040%3ACO%3ASNTL&beginDate=2014-10-01&endDate=2025-09-01&duration=DAILY&elements=WTEQ%2CSNWD%2CPRCP%2CTMIN%2CTMAX%2CTAVG "HTTP/1.1 200 OK"
2026-09-12 21:54:59,369 INFO   1040:CO:SNTL: 3989 readings
2026-09-12 21:55:02,255 INFO HTTP Request: GET https://wcc.sc.egov.usda.gov/awdbRestApi/services/v1/data?stationTriplets=1041%3ACO%3ASNTL&beginDate=2014-10-01&endDate=2025-09-01&duration=DAILY&elements=WTEQ%2CSNWD%2CPRCP%2CTMIN%2CTMAX%2CTAVG "HTTP/1.1 200 OK"
2026-09-12 21:55:08,275 INFO   1041:CO:SNTL: 3989 readings
2026-09-12 21:55:11,124 INFO HTTP Request: GET https://wcc.sc.egov.usda.gov/awdbRestApi/services/v1/data?stationTriplets=1042%3ACO%3ASNTL&beginDate=2014-10-01&endDate=2025-09-01&duration=DAILY&elements=WTEQ%2CSNWD%2CPRCP%2CTMIN%2CTMAX%2CTAVG "HTTP/1.1 200 OK"
2026-09-12 21:55:16,962 INFO   1042:CO:SNTL: 3989 readings
2026-09-12 21:55:19,815 INFO HTTP Request: GET https://wcc.sc.egov.usda.gov/awdbRestApi/services/v1/data?stationTriplets=1057%3ACO%3ASNTL&beginDate=2014-10-01&endDate=2025-09-01&duration=DAILY&elements=WTEQ%2CSNWD%2CPRCP%2CTMIN%2CTMAX%2CTAVG "HTTP/1.1 200 OK"
2026-09-12 21:55:25,190 INFO   1057:CO:SNTL: 3989 readings
2026-09-12 21:55:25,190 INFO Batch 0-9 done in 84.3s, total readings so far: 39890
2026-09-12 21:55:29,602 INFO HTTP Request: GET https://wcc.sc.egov.usda.gov/awdbRestApi/services/v1/data?stationTriplets=1058%3ACO%3ASNTL&beginDate=2014-10-01&endDate=2025-09-01&duration=DAILY&elements=WTEQ%2CSNWD%2CPRCP%2CTMIN%2CTMAX%2CTAVG "HTTP/1.1 200 OK"
2026-09-12 21:55:35,148 INFO   1058:CO:SNTL: 3989 readings
2026-09-12 21:55:37,857 INFO HTTP Request: GET https://wcc.sc.egov.usda.gov/awdbRestApi/services/v1/data?stationTriplets=1059%3ACO%3ASNTL&beginDate=2014-10-01&endDate=2025-09-01&duration=DAILY&elements=WTEQ%2CSNWD%2CPRCP%2CTMIN%2CTMAX%2CTAVG "HTTP/1.1 200 OK"
2026-09-12 21:55:43,206 INFO   1059:CO:SNTL: 3989 readings
2026-09-12 21:55:46,300 INFO HTTP Request: GET https://wcc.sc.egov.usda.gov/awdbRestApi/services/v1/data?stationTriplets=1060%3ACO%3ASNTL&beginDate=2014-10-01&endDate=2025-09-01&duration=DAILY&elements=WTEQ%2CSNWD%2CPRCP%2CTMIN%2CTMAX%2CTAVG "HTTP/1.1 200 OK"
2026-09-12 21:55:51,678 INFO   1060:CO:SNTL: 3989 readings
2026-09-12 21:55:54,700 INFO HTTP Request: GET https://wcc.sc.egov.usda.gov/awdbRestApi/services/v1/data?stationTriplets=1061%3ACO%3ASNTL&beginDate=2014-10-01&endDate=2025-09-01&duration=DAILY&elements=WTEQ%2CSNWD%2CPRCP%2CTMIN%2CTMAX%2CTAVG "HTTP/1.1 200 OK"
2026-09-12 21:56:00,386 INFO   1061:CO:SNTL: 3989 readings
2026-09-12 21:56:03,019 INFO HTTP Request: GET https://wcc.sc.egov.usda.gov/awdbRestApi/services/v1/data?stationTriplets=1100%3ACO%3ASNTL&beginDate=2014-10-01&endDate=2025-09-01&duration=DAILY&elements=WTEQ%2CSNWD%2CPRCP%2CTMIN%2CTMAX%2CTAVG "HTTP/1.1 200 OK"
2026-09-12 21:56:08,442 INFO   1100:CO:SNTL: 3989 readings
2026-09-12 21:56:10,887 INFO HTTP Request: GET https://wcc.sc.egov.usda.gov/awdbRestApi/services/v1/data?stationTriplets=1101%3ACO%3ASNTL&beginDate=2014-10-01&endDate=2025-09-01&duration=DAILY&elements=WTEQ%2CSNWD%2CPRCP%2CTMIN%2CTMAX%2CTAVG "HTTP/1.1 200 OK"
2026-09-12 21:56:16,661 INFO   1101:CO:SNTL: 3989 readings
2026-09-12 21:56:19,207 INFO HTTP Request: GET https://wcc.sc.egov.usda.gov/awdbRestApi/services/v1/data?stationTriplets=1102%3ACO%3ASNTL&beginDate=2014-10-01&endDate=2025-09-01&duration=DAILY&elements=WTEQ%2CSNWD%2CPRCP%2CTMIN%2CTMAX%2CTAVG "HTTP/1.1 200 OK"
2026-09-12 21:56:24,648 INFO   1102:CO:SNTL: 3989 readings
2026-09-12 21:56:27,673 INFO HTTP Request: GET https://wcc.sc.egov.usda.gov/awdbRestApi/services/v1/data?stationTriplets=1120%3ACO%3ASNTL&beginDate=2014-10-01&endDate=2025-09-01&duration=DAILY&elements=WTEQ%2CSNWD%2CPRCP%2CTMIN%2CTMAX%2CTAVG "HTTP/1.1 200 OK"
2026-09-12 21:56:33,528 INFO   1120:CO:SNTL: 3988 readings
2026-09-12 21:56:36,587 INFO HTTP Request: GET https://wcc.sc.egov.usda.gov/awdbRestApi/services/v1/data?stationTriplets=1122%3ACO%3ASNTL&beginDate=2014-10-01&endDate=2025-09-01&duration=DAILY&elements=WTEQ%2CSNWD%2CPRCP%2CTMIN%2CTMAX%2CTAVG "HTTP/1.1 200 OK"
2026-09-12 21:56:43,686 INFO   1122:CO:SNTL: 3989 readings
2026-09-12 21:56:46,469 INFO HTTP Request: GET https://wcc.sc.egov.usda.gov/awdbRestApi/services/v1/data?stationTriplets=1123%3ACO%3ASNTL&beginDate=2014-10-01&endDate=2025-09-01&duration=DAILY&elements=WTEQ%2CSNWD%2CPRCP%2CTMIN%2CTMAX%2CTAVG "HTTP/1.1 200 OK"
2026-09-12 21:56:53,393 INFO   1123:CO:SNTL: 3989 readings
2026-09-12 21:56:53,393 INFO Batch 10-19 done in 86.2s, total readings so far: 79779
2026-09-12 21:56:58,128 INFO HTTP Request: GET https://wcc.sc.egov.usda.gov/awdbRestApi/services/v1/data?stationTriplets=1124%3ACO%3ASNTL&beginDate=2014-10-01&endDate=2025-09-01&duration=DAILY&elements=WTEQ%2CSNWD%2CPRCP%2CTMIN%2CTMAX%2CTAVG "HTTP/1.1 200 OK"
2026-09-12 21:57:05,564 INFO   1124:CO:SNTL: 3989 readings
2026-09-12 21:57:09,010 INFO HTTP Request: GET https://wcc.sc.egov.usda.gov/awdbRestApi/services/v1/data?stationTriplets=1128%3ACO%3ASNTL&beginDate=2014-10-01&endDate=2025-09-01&duration=DAILY&elements=WTEQ%2CSNWD%2CPRCP%2CTMIN%2CTMAX%2CTAVG "HTTP/1.1 200 OK"
2026-09-12 21:57:15,057 INFO   1128:CO:SNTL: 3989 readings
2026-09-12 21:57:17,646 INFO HTTP Request: GET https://wcc.sc.egov.usda.gov/awdbRestApi/services/v1/data?stationTriplets=1141%3ACO%3ASNTL&beginDate=2014-10-01&endDate=2025-09-01&duration=DAILY&elements=WTEQ%2CSNWD%2CPRCP%2CTMIN%2CTMAX%2CTAVG "HTTP/1.1 200 OK"
2026-09-12 21:57:23,617 INFO   1141:CO:SNTL: 3989 readings
2026-09-12 21:57:26,480 INFO HTTP Request: GET https://wcc.sc.egov.usda.gov/awdbRestApi/services/v1/data?stationTriplets=1160%3ACO%3ASNTL&beginDate=2014-10-01&endDate=2025-09-01&duration=DAILY&elements=WTEQ%2CSNWD%2CPRCP%2CTMIN%2CTMAX%2CTAVG "HTTP/1.1 200 OK"
2026-09-12 21:57:33,155 INFO   1160:CO:SNTL: 3989 readings
2026-09-12 21:57:35,368 INFO HTTP Request: GET https://wcc.sc.egov.usda.gov/awdbRestApi/services/v1/data?stationTriplets=1161%3ACO%3ASNTL&beginDate=2014-10-01&endDate=2025-09-01&duration=DAILY&elements=WTEQ%2CSNWD%2CPRCP%2CTMIN%2CTMAX%2CTAVG "HTTP/1.1 200 OK"
2026-09-12 21:57:41,269 INFO   1161:CO:SNTL: 3989 readings
2026-09-12 21:57:43,679 INFO HTTP Request: GET https://wcc.sc.egov.usda.gov/awdbRestApi/services/v1/data?stationTriplets=1185%3ACO%3ASNTL&beginDate=2014-10-01&endDate=2025-09-01&duration=DAILY&elements=WTEQ%2CSNWD%2CPRCP%2CTMIN%2CTMAX%2CTAVG "HTTP/1.1 200 OK"
2026-09-12 21:57:49,629 INFO   1185:CO:SNTL: 3989 readings
2026-09-12 21:57:52,591 INFO HTTP Request: GET https://wcc.sc.egov.usda.gov/awdbRestApi/services/v1/data?stationTriplets=1186%3ACO%3ASNTL&beginDate=2014-10-01&endDate=2025-09-01&duration=DAILY&elements=WTEQ%2CSNWD%2CPRCP%2CTMIN%2CTMAX%2CTAVG "HTTP/1.1 200 OK"
2026-09-12 21:57:58,282 INFO   1186:CO:SNTL: 3989 readings
2026-09-12 21:58:00,743 INFO HTTP Request: GET https://wcc.sc.egov.usda.gov/awdbRestApi/services/v1/data?stationTriplets=1187%3ACO%3ASNTL&beginDate=2014-10-01&endDate=2025-09-01&duration=DAILY&elements=WTEQ%2CSNWD%2CPRCP%2CTMIN%2CTMAX%2CTAVG "HTTP/1.1 200 OK"
2026-09-12 21:58:06,479 INFO   1187:CO:SNTL: 3989 readings
2026-09-12 21:58:09,635 INFO HTTP Request: GET https://wcc.sc.egov.usda.gov/awdbRestApi/services/v1/data?stationTriplets=1188%3ACO%3ASNTL&beginDate=2014-10-01&endDate=2025-09-01&duration=DAILY&elements=WTEQ%2CSNWD%2CPRCP%2CTMIN%2CTMAX%2CTAVG "HTTP/1.1 200 OK"
2026-09-12 21:58:15,424 INFO   1188:CO:SNTL: 3989 readings
2026-09-12 21:58:18,966 INFO HTTP Request: GET https://wcc.sc.egov.usda.gov/awdbRestApi/services/v1/data?stationTriplets=1251%3ACO%3ASNTL&beginDate=2014-10-01&endDate=2025-09-01&duration=DAILY&elements=WTEQ%2CSNWD%2CPRCP%2CTMIN%2CTMAX%2CTAVG "HTTP/1.1 200 OK"
2026-09-12 21:58:24,971 INFO   1251:CO:SNTL: 3983 readings
2026-09-12 21:58:24,971 INFO Batch 20-29 done in 89.6s, total readings so far: 119663
2026-09-12 21:58:29,414 INFO HTTP Request: GET https://wcc.sc.egov.usda.gov/awdbRestApi/services/v1/data?stationTriplets=1252%3ACO%3ASNTL&beginDate=2014-10-01&endDate=2025-09-01&duration=DAILY&elements=WTEQ%2CSNWD%2CPRCP%2CTMIN%2CTMAX%2CTAVG "HTTP/1.1 200 OK"
2026-09-12 21:58:34,673 INFO   1252:CO:SNTL: 3288 readings
2026-09-12 21:58:36,122 INFO HTTP Request: GET https://wcc.sc.egov.usda.gov/awdbRestApi/services/v1/data?stationTriplets=1324%3ACO%3ASNTL&beginDate=2014-10-01&endDate=2025-09-01&duration=DAILY&elements=WTEQ%2CSNWD%2CPRCP%2CTMIN%2CTMAX%2CTAVG "HTTP/1.1 200 OK"
2026-09-12 21:58:36,743 INFO   1324:CO:SNTL: 370 readings
2026-09-12 21:58:37,852 INFO HTTP Request: GET https://wcc.sc.egov.usda.gov/awdbRestApi/services/v1/data?stationTriplets=1325%3ACO%3ASNTL&beginDate=2014-10-01&endDate=2025-09-01&duration=DAILY&elements=WTEQ%2CSNWD%2CPRCP%2CTMIN%2CTMAX%2CTAVG "HTTP/1.1 200 OK"
2026-09-12 21:58:38,532 INFO   1325:CO:SNTL: 368 readings
2026-09-12 21:58:39,887 INFO HTTP Request: GET https://wcc.sc.egov.usda.gov/awdbRestApi/services/v1/data?stationTriplets=1326%3ACO%3ASNTL&beginDate=2014-10-01&endDate=2025-09-01&duration=DAILY&elements=WTEQ%2CSNWD%2CPRCP%2CTMIN%2CTMAX%2CTAVG "HTTP/1.1 200 OK"
2026-09-12 21:58:40,474 INFO   1326:CO:SNTL: 349 readings
2026-09-12 21:58:41,448 INFO HTTP Request: GET https://wcc.sc.egov.usda.gov/awdbRestApi/services/v1/data?stationTriplets=1344%3ACO%3ASNTL&beginDate=2014-10-01&endDate=2025-09-01&duration=DAILY&elements=WTEQ%2CSNWD%2CPRCP%2CTMIN%2CTMAX%2CTAVG "HTTP/1.1 200 OK"
2026-09-12 21:58:41,449 WARNING   1344:CO:SNTL: no data returned
2026-09-12 21:58:44,043 INFO HTTP Request: GET https://wcc.sc.egov.usda.gov/awdbRestApi/services/v1/data?stationTriplets=303%3ACO%3ASNTL&beginDate=2014-10-01&endDate=2025-09-01&duration=DAILY&elements=WTEQ%2CSNWD%2CPRCP%2CTMIN%2CTMAX%2CTAVG "HTTP/1.1 200 OK"
2026-09-12 21:58:50,416 INFO   303:CO:SNTL: 3989 readings
2026-09-12 21:58:53,142 INFO HTTP Request: GET https://wcc.sc.egov.usda.gov/awdbRestApi/services/v1/data?stationTriplets=322%3ACO%3ASNTL&beginDate=2014-10-01&endDate=2025-09-01&duration=DAILY&elements=WTEQ%2CSNWD%2CPRCP%2CTMIN%2CTMAX%2CTAVG "HTTP/1.1 200 OK"
2026-09-12 21:58:59,651 INFO   322:CO:SNTL: 3989 readings
2026-09-12 21:59:03,000 INFO HTTP Request: GET https://wcc.sc.egov.usda.gov/awdbRestApi/services/v1/data?stationTriplets=327%3ACO%3ASNTL&beginDate=2014-10-01&endDate=2025-09-01&duration=DAILY&elements=WTEQ%2CSNWD%2CPRCP%2CTMIN%2CTMAX%2CTAVG "HTTP/1.1 200 OK"
2026-09-12 21:59:09,311 INFO   327:CO:SNTL: 3989 readings
2026-09-12 21:59:12,786 INFO HTTP Request: GET https://wcc.sc.egov.usda.gov/awdbRestApi/services/v1/data?stationTriplets=335%3ACO%3ASNTL&beginDate=2014-10-01&endDate=2025-09-01&duration=DAILY&elements=WTEQ%2CSNWD%2CPRCP%2CTMIN%2CTMAX%2CTAVG "HTTP/1.1 200 OK"
2026-09-12 21:59:20,535 INFO   335:CO:SNTL: 3989 readings
2026-09-12 21:59:23,920 INFO HTTP Request: GET https://wcc.sc.egov.usda.gov/awdbRestApi/services/v1/data?stationTriplets=345%3ACO%3ASNTL&beginDate=2014-10-01&endDate=2025-09-01&duration=DAILY&elements=WTEQ%2CSNWD%2CPRCP%2CTMIN%2CTMAX%2CTAVG "HTTP/1.1 200 OK"
2026-09-12 21:59:30,297 INFO   345:CO:SNTL: 3989 readings
2026-09-12 21:59:30,297 INFO Batch 30-39 done in 63.3s, total readings so far: 143983
2026-09-12 21:59:35,639 INFO HTTP Request: GET https://wcc.sc.egov.usda.gov/awdbRestApi/services/v1/data?stationTriplets=369%3ACO%3ASNTL&beginDate=2014-10-01&endDate=2025-09-01&duration=DAILY&elements=WTEQ%2CSNWD%2CPRCP%2CTMIN%2CTMAX%2CTAVG "HTTP/1.1 200 OK"
2026-09-12 21:59:41,334 INFO   369:CO:SNTL: 3989 readings
2026-09-12 21:59:44,079 INFO HTTP Request: GET https://wcc.sc.egov.usda.gov/awdbRestApi/services/v1/data?stationTriplets=378%3ACO%3ASNTL&beginDate=2014-10-01&endDate=2025-09-01&duration=DAILY&elements=WTEQ%2CSNWD%2CPRCP%2CTMIN%2CTMAX%2CTAVG "HTTP/1.1 200 OK"
2026-09-12 21:59:51,930 INFO   378:CO:SNTL: 3989 readings
2026-09-12 21:59:55,869 INFO HTTP Request: GET https://wcc.sc.egov.usda.gov/awdbRestApi/services/v1/data?stationTriplets=380%3ACO%3ASNTL&beginDate=2014-10-01&endDate=2025-09-01&duration=DAILY&elements=WTEQ%2CSNWD%2CPRCP%2CTMIN%2CTMAX%2CTAVG "HTTP/1.1 200 OK"
2026-09-12 22:00:03,985 INFO   380:CO:SNTL: 3989 readings
2026-09-12 22:00:06,590 INFO HTTP Request: GET https://wcc.sc.egov.usda.gov/awdbRestApi/services/v1/data?stationTriplets=387%3ACO%3ASNTL&beginDate=2014-10-01&endDate=2025-09-01&duration=DAILY&elements=WTEQ%2CSNWD%2CPRCP%2CTMIN%2CTMAX%2CTAVG "HTTP/1.1 200 OK"
2026-09-12 22:00:12,089 INFO   387:CO:SNTL: 3989 readings
2026-09-12 22:00:14,682 INFO HTTP Request: GET https://wcc.sc.egov.usda.gov/awdbRestApi/services/v1/data?stationTriplets=408%3ACO%3ASNTL&beginDate=2014-10-01&endDate=2025-09-01&duration=DAILY&elements=WTEQ%2CSNWD%2CPRCP%2CTMIN%2CTMAX%2CTAVG "HTTP/1.1 200 OK"
2026-09-12 22:00:19,880 INFO   408:CO:SNTL: 3989 readings
2026-09-12 22:00:22,476 INFO HTTP Request: GET https://wcc.sc.egov.usda.gov/awdbRestApi/services/v1/data?stationTriplets=409%3ACO%3ASNTL&beginDate=2014-10-01&endDate=2025-09-01&duration=DAILY&elements=WTEQ%2CSNWD%2CPRCP%2CTMIN%2CTMAX%2CTAVG "HTTP/1.1 200 OK"
2026-09-12 22:00:27,701 INFO   409:CO:SNTL: 3989 readings
2026-09-12 22:00:30,051 INFO HTTP Request: GET https://wcc.sc.egov.usda.gov/awdbRestApi/services/v1/data?stationTriplets=412%3ACO%3ASNTL&beginDate=2014-10-01&endDate=2025-09-01&duration=DAILY&elements=WTEQ%2CSNWD%2CPRCP%2CTMIN%2CTMAX%2CTAVG "HTTP/1.1 200 OK"
2026-09-12 22:00:35,569 INFO   412:CO:SNTL: 3989 readings
2026-09-12 22:00:39,892 INFO HTTP Request: GET https://wcc.sc.egov.usda.gov/awdbRestApi/services/v1/data?stationTriplets=415%3ACO%3ASNTL&beginDate=2014-10-01&endDate=2025-09-01&duration=DAILY&elements=WTEQ%2CSNWD%2CPRCP%2CTMIN%2CTMAX%2CTAVG "HTTP/1.1 200 OK"
2026-09-12 22:00:45,185 INFO   415:CO:SNTL: 3989 readings
2026-09-12 22:00:49,526 INFO HTTP Request: GET https://wcc.sc.egov.usda.gov/awdbRestApi/services/v1/data?stationTriplets=426%3ACO%3ASNTL&beginDate=2014-10-01&endDate=2025-09-01&duration=DAILY&elements=WTEQ%2CSNWD%2CPRCP%2CTMIN%2CTMAX%2CTAVG "HTTP/1.1 200 OK"
2026-09-12 22:00:55,484 INFO   426:CO:SNTL: 3989 readings
2026-09-12 22:00:58,196 INFO HTTP Request: GET https://wcc.sc.egov.usda.gov/awdbRestApi/services/v1/data?stationTriplets=430%3ACO%3ASNTL&beginDate=2014-10-01&endDate=2025-09-01&duration=DAILY&elements=WTEQ%2CSNWD%2CPRCP%2CTMIN%2CTMAX%2CTAVG "HTTP/1.1 200 OK"
2026-09-12 22:01:03,601 INFO   430:CO:SNTL: 3989 readings
2026-09-12 22:01:03,601 INFO Batch 40-49 done in 91.3s, total readings so far: 183873
2026-09-12 22:01:09,494 INFO HTTP Request: GET https://wcc.sc.egov.usda.gov/awdbRestApi/services/v1/data?stationTriplets=431%3ACO%3ASNTL&beginDate=2014-10-01&endDate=2025-09-01&duration=DAILY&elements=WTEQ%2CSNWD%2CPRCP%2CTMIN%2CTMAX%2CTAVG "HTTP/1.1 200 OK"
2026-09-12 22:01:15,232 INFO   431:CO:SNTL: 3989 readings
2026-09-12 22:01:18,654 INFO HTTP Request: GET https://wcc.sc.egov.usda.gov/awdbRestApi/services/v1/data?stationTriplets=438%3ACO%3ASNTL&beginDate=2014-10-01&endDate=2025-09-01&duration=DAILY&elements=WTEQ%2CSNWD%2CPRCP%2CTMIN%2CTMAX%2CTAVG "HTTP/1.1 200 OK"
2026-09-12 22:01:24,526 INFO   438:CO:SNTL: 3989 readings
2026-09-12 22:01:28,083 INFO HTTP Request: GET https://wcc.sc.egov.usda.gov/awdbRestApi/services/v1/data?stationTriplets=457%3ACO%3ASNTL&beginDate=2014-10-01&endDate=2025-09-01&duration=DAILY&elements=WTEQ%2CSNWD%2CPRCP%2CTMIN%2CTMAX%2CTAVG "HTTP/1.1 200 OK"
2026-09-12 22:01:33,667 INFO   457:CO:SNTL: 3989 readings
2026-09-12 22:01:37,329 INFO HTTP Request: GET https://wcc.sc.egov.usda.gov/awdbRestApi/services/v1/data?stationTriplets=465%3ACO%3ASNTL&beginDate=2014-10-01&endDate=2025-09-01&duration=DAILY&elements=WTEQ%2CSNWD%2CPRCP%2CTMIN%2CTMAX%2CTAVG "HTTP/1.1 200 OK"
2026-09-12 22:01:43,013 INFO   465:CO:SNTL: 3989 readings
2026-09-12 22:01:46,469 INFO HTTP Request: GET https://wcc.sc.egov.usda.gov/awdbRestApi/services/v1/data?stationTriplets=467%3ACO%3ASNTL&beginDate=2014-10-01&endDate=2025-09-01&duration=DAILY&elements=WTEQ%2CSNWD%2CPRCP%2CTMIN%2CTMAX%2CTAVG "HTTP/1.1 200 OK"
2026-09-12 22:01:52,458 INFO   467:CO:SNTL: 3989 readings
2026-09-12 22:01:56,601 INFO HTTP Request: GET https://wcc.sc.egov.usda.gov/awdbRestApi/services/v1/data?stationTriplets=485%3ACO%3ASNTL&beginDate=2014-10-01&endDate=2025-09-01&duration=DAILY&elements=WTEQ%2CSNWD%2CPRCP%2CTMIN%2CTMAX%2CTAVG "HTTP/1.1 200 OK"
2026-09-12 22:02:02,815 INFO   485:CO:SNTL: 3989 readings
2026-09-12 22:02:06,168 INFO HTTP Request: GET https://wcc.sc.egov.usda.gov/awdbRestApi/services/v1/data?stationTriplets=505%3ACO%3ASNTL&beginDate=2014-10-01&endDate=2025-09-01&duration=DAILY&elements=WTEQ%2CSNWD%2CPRCP%2CTMIN%2CTMAX%2CTAVG "HTTP/1.1 200 OK"
2026-09-12 22:02:11,446 INFO   505:CO:SNTL: 3989 readings
2026-09-12 22:02:14,989 INFO HTTP Request: GET https://wcc.sc.egov.usda.gov/awdbRestApi/services/v1/data?stationTriplets=531%3ACO%3ASNTL&beginDate=2014-10-01&endDate=2025-09-01&duration=DAILY&elements=WTEQ%2CSNWD%2CPRCP%2CTMIN%2CTMAX%2CTAVG "HTTP/1.1 200 OK"
2026-09-12 22:02:22,805 INFO   531:CO:SNTL: 3989 readings
2026-09-12 22:02:25,494 INFO HTTP Request: GET https://wcc.sc.egov.usda.gov/awdbRestApi/services/v1/data?stationTriplets=538%3ACO%3ASNTL&beginDate=2014-10-01&endDate=2025-09-01&duration=DAILY&elements=WTEQ%2CSNWD%2CPRCP%2CTMIN%2CTMAX%2CTAVG "HTTP/1.1 200 OK"
2026-09-12 22:02:31,062 INFO   538:CO:SNTL: 3989 readings
2026-09-12 22:02:35,190 INFO HTTP Request: GET https://wcc.sc.egov.usda.gov/awdbRestApi/services/v1/data?stationTriplets=542%3ACO%3ASNTL&beginDate=2014-10-01&endDate=2025-09-01&duration=DAILY&elements=WTEQ%2CSNWD%2CPRCP%2CTMIN%2CTMAX%2CTAVG "HTTP/1.1 200 OK"
2026-09-12 22:02:40,550 INFO   542:CO:SNTL: 3989 readings
2026-09-12 22:02:40,550 INFO Batch 50-59 done in 94.9s, total readings so far: 223763
2026-09-12 22:02:46,467 INFO HTTP Request: GET https://wcc.sc.egov.usda.gov/awdbRestApi/services/v1/data?stationTriplets=547%3ACO%3ASNTL&beginDate=2014-10-01&endDate=2025-09-01&duration=DAILY&elements=WTEQ%2CSNWD%2CPRCP%2CTMIN%2CTMAX%2CTAVG "HTTP/1.1 200 OK"
2026-09-12 22:02:52,079 INFO   547:CO:SNTL: 3989 readings
2026-09-12 22:02:54,523 INFO HTTP Request: GET https://wcc.sc.egov.usda.gov/awdbRestApi/services/v1/data?stationTriplets=551%3ACO%3ASNTL&beginDate=2014-10-01&endDate=2025-09-01&duration=DAILY&elements=WTEQ%2CSNWD%2CPRCP%2CTMIN%2CTMAX%2CTAVG "HTTP/1.1 200 OK"
2026-09-12 22:03:01,254 INFO   551:CO:SNTL: 3989 readings
2026-09-12 22:03:04,614 INFO HTTP Request: GET https://wcc.sc.egov.usda.gov/awdbRestApi/services/v1/data?stationTriplets=556%3ACO%3ASNTL&beginDate=2014-10-01&endDate=2025-09-01&duration=DAILY&elements=WTEQ%2CSNWD%2CPRCP%2CTMIN%2CTMAX%2CTAVG "HTTP/1.1 200 OK"
2026-09-12 22:03:11,887 INFO   556:CO:SNTL: 3989 readings
2026-09-12 22:03:15,661 INFO HTTP Request: GET https://wcc.sc.egov.usda.gov/awdbRestApi/services/v1/data?stationTriplets=564%3ACO%3ASNTL&beginDate=2014-10-01&endDate=2025-09-01&duration=DAILY&elements=WTEQ%2CSNWD%2CPRCP%2CTMIN%2CTMAX%2CTAVG "HTTP/1.1 200 OK"
2026-09-12 22:03:21,501 INFO   564:CO:SNTL: 3989 readings
2026-09-12 22:03:24,550 INFO HTTP Request: GET https://wcc.sc.egov.usda.gov/awdbRestApi/services/v1/data?stationTriplets=565%3ACO%3ASNTL&beginDate=2014-10-01&endDate=2025-09-01&duration=DAILY&elements=WTEQ%2CSNWD%2CPRCP%2CTMIN%2CTMAX%2CTAVG "HTTP/1.1 200 OK"
2026-09-12 22:03:30,339 INFO   565:CO:SNTL: 3989 readings
2026-09-12 22:03:34,369 INFO HTTP Request: GET https://wcc.sc.egov.usda.gov/awdbRestApi/services/v1/data?stationTriplets=580%3ACO%3ASNTL&beginDate=2014-10-01&endDate=2025-09-01&duration=DAILY&elements=WTEQ%2CSNWD%2CPRCP%2CTMIN%2CTMAX%2CTAVG "HTTP/1.1 200 OK"
2026-09-12 22:03:41,855 INFO   580:CO:SNTL: 3989 readings
2026-09-12 22:03:44,657 INFO HTTP Request: GET https://wcc.sc.egov.usda.gov/awdbRestApi/services/v1/data?stationTriplets=586%3ACO%3ASNTL&beginDate=2014-10-01&endDate=2025-09-01&duration=DAILY&elements=WTEQ%2CSNWD%2CPRCP%2CTMIN%2CTMAX%2CTAVG "HTTP/1.1 200 OK"
2026-09-12 22:03:50,231 INFO   586:CO:SNTL: 3989 readings
2026-09-12 22:03:53,772 INFO HTTP Request: GET https://wcc.sc.egov.usda.gov/awdbRestApi/services/v1/data?stationTriplets=589%3ACO%3ASNTL&beginDate=2014-10-01&endDate=2025-09-01&duration=DAILY&elements=WTEQ%2CSNWD%2CPRCP%2CTMIN%2CTMAX%2CTAVG "HTTP/1.1 200 OK"
2026-09-12 22:03:59,154 INFO   589:CO:SNTL: 3989 readings
2026-09-12 22:04:02,746 INFO HTTP Request: GET https://wcc.sc.egov.usda.gov/awdbRestApi/services/v1/data?stationTriplets=602%3ACO%3ASNTL&beginDate=2014-10-01&endDate=2025-09-01&duration=DAILY&elements=WTEQ%2CSNWD%2CPRCP%2CTMIN%2CTMAX%2CTAVG "HTTP/1.1 200 OK"
2026-09-12 22:04:08,122 INFO   602:CO:SNTL: 3989 readings
2026-09-12 22:04:10,610 INFO HTTP Request: GET https://wcc.sc.egov.usda.gov/awdbRestApi/services/v1/data?stationTriplets=607%3ACO%3ASNTL&beginDate=2014-10-01&endDate=2025-09-01&duration=DAILY&elements=WTEQ%2CSNWD%2CPRCP%2CTMIN%2CTMAX%2CTAVG "HTTP/1.1 200 OK"
2026-09-12 22:04:16,033 INFO   607:CO:SNTL: 3989 readings
2026-09-12 22:04:16,033 INFO Batch 60-69 done in 93.5s, total readings so far: 263653
2026-09-12 22:04:20,695 INFO HTTP Request: GET https://wcc.sc.egov.usda.gov/awdbRestApi/services/v1/data?stationTriplets=618%3ACO%3ASNTL&beginDate=2014-10-01&endDate=2025-09-01&duration=DAILY&elements=WTEQ%2CSNWD%2CPRCP%2CTMIN%2CTMAX%2CTAVG "HTTP/1.1 200 OK"
2026-09-12 22:04:26,336 INFO   618:CO:SNTL: 3989 readings
2026-09-12 22:04:28,774 INFO HTTP Request: GET https://wcc.sc.egov.usda.gov/awdbRestApi/services/v1/data?stationTriplets=622%3ACO%3ASNTL&beginDate=2014-10-01&endDate=2025-09-01&duration=DAILY&elements=WTEQ%2CSNWD%2CPRCP%2CTMIN%2CTMAX%2CTAVG "HTTP/1.1 200 OK"
2026-09-12 22:04:34,269 INFO   622:CO:SNTL: 3989 readings
2026-09-12 22:04:37,552 INFO HTTP Request: GET https://wcc.sc.egov.usda.gov/awdbRestApi/services/v1/data?stationTriplets=624%3ACO%3ASNTL&beginDate=2014-10-01&endDate=2025-09-01&duration=DAILY&elements=WTEQ%2CSNWD%2CPRCP%2CTMIN%2CTMAX%2CTAVG "HTTP/1.1 200 OK"
2026-09-12 22:04:43,876 INFO   624:CO:SNTL: 3989 readings
2026-09-12 22:04:46,859 INFO HTTP Request: GET https://wcc.sc.egov.usda.gov/awdbRestApi/services/v1/data?stationTriplets=629%3ACO%3ASNTL&beginDate=2014-10-01&endDate=2025-09-01&duration=DAILY&elements=WTEQ%2CSNWD%2CPRCP%2CTMIN%2CTMAX%2CTAVG "HTTP/1.1 200 OK"
2026-09-12 22:04:52,601 INFO   629:CO:SNTL: 3989 readings
2026-09-12 22:04:55,918 INFO HTTP Request: GET https://wcc.sc.egov.usda.gov/awdbRestApi/services/v1/data?stationTriplets=632%3ACO%3ASNTL&beginDate=2014-10-01&endDate=2025-09-01&duration=DAILY&elements=WTEQ%2CSNWD%2CPRCP%2CTMIN%2CTMAX%2CTAVG "HTTP/1.1 200 OK"
2026-09-12 22:05:02,595 INFO   632:CO:SNTL: 3989 readings
2026-09-12 22:05:05,142 INFO HTTP Request: GET https://wcc.sc.egov.usda.gov/awdbRestApi/services/v1/data?stationTriplets=658%3ACO%3ASNTL&beginDate=2014-10-01&endDate=2025-09-01&duration=DAILY&elements=WTEQ%2CSNWD%2CPRCP%2CTMIN%2CTMAX%2CTAVG "HTTP/1.1 200 OK"
2026-09-12 22:05:10,735 INFO   658:CO:SNTL: 3989 readings
2026-09-12 22:05:14,277 INFO HTTP Request: GET https://wcc.sc.egov.usda.gov/awdbRestApi/services/v1/data?stationTriplets=663%3ACO%3ASNTL&beginDate=2014-10-01&endDate=2025-09-01&duration=DAILY&elements=WTEQ%2CSNWD%2CPRCP%2CTMIN%2CTMAX%2CTAVG "HTTP/1.1 200 OK"
2026-09-12 22:05:20,377 INFO   663:CO:SNTL: 3989 readings
2026-09-12 22:05:23,168 INFO HTTP Request: GET https://wcc.sc.egov.usda.gov/awdbRestApi/services/v1/data?stationTriplets=669%3ACO%3ASNTL&beginDate=2014-10-01&endDate=2025-09-01&duration=DAILY&elements=WTEQ%2CSNWD%2CPRCP%2CTMIN%2CTMAX%2CTAVG "HTTP/1.1 200 OK"
2026-09-12 22:05:29,041 INFO   669:CO:SNTL: 3989 readings
2026-09-12 22:05:32,119 INFO HTTP Request: GET https://wcc.sc.egov.usda.gov/awdbRestApi/services/v1/data?stationTriplets=675%3ACO%3ASNTL&beginDate=2014-10-01&endDate=2025-09-01&duration=DAILY&elements=WTEQ%2CSNWD%2CPRCP%2CTMIN%2CTMAX%2CTAVG "HTTP/1.1 200 OK"
2026-09-12 22:05:39,314 INFO   675:CO:SNTL: 3989 readings
2026-09-12 22:05:42,817 INFO HTTP Request: GET https://wcc.sc.egov.usda.gov/awdbRestApi/services/v1/data?stationTriplets=680%3ACO%3ASNTL&beginDate=2014-10-01&endDate=2025-09-01&duration=DAILY&elements=WTEQ%2CSNWD%2CPRCP%2CTMIN%2CTMAX%2CTAVG "HTTP/1.1 200 OK"
2026-09-12 22:05:51,665 INFO   680:CO:SNTL: 3989 readings
2026-09-12 22:05:51,665 INFO Batch 70-79 done in 93.6s, total readings so far: 303543
2026-09-12 22:05:56,744 INFO HTTP Request: GET https://wcc.sc.egov.usda.gov/awdbRestApi/services/v1/data?stationTriplets=682%3ACO%3ASNTL&beginDate=2014-10-01&endDate=2025-09-01&duration=DAILY&elements=WTEQ%2CSNWD%2CPRCP%2CTMIN%2CTMAX%2CTAVG "HTTP/1.1 200 OK"
2026-09-12 22:06:02,890 INFO   682:CO:SNTL: 3989 readings
2026-09-12 22:06:05,663 INFO HTTP Request: GET https://wcc.sc.egov.usda.gov/awdbRestApi/services/v1/data?stationTriplets=688%3ACO%3ASNTL&beginDate=2014-10-01&endDate=2025-09-01&duration=DAILY&elements=WTEQ%2CSNWD%2CPRCP%2CTMIN%2CTMAX%2CTAVG "HTTP/1.1 200 OK"
2026-09-12 22:06:11,591 INFO   688:CO:SNTL: 3989 readings
2026-09-12 22:06:15,001 INFO HTTP Request: GET https://wcc.sc.egov.usda.gov/awdbRestApi/services/v1/data?stationTriplets=701%3ACO%3ASNTL&beginDate=2014-10-01&endDate=2025-09-01&duration=DAILY&elements=WTEQ%2CSNWD%2CPRCP%2CTMIN%2CTMAX%2CTAVG "HTTP/1.1 200 OK"
2026-09-12 22:06:20,824 INFO   701:CO:SNTL: 3989 readings
2026-09-12 22:06:24,118 INFO HTTP Request: GET https://wcc.sc.egov.usda.gov/awdbRestApi/services/v1/data?stationTriplets=709%3ACO%3ASNTL&beginDate=2014-10-01&endDate=2025-09-01&duration=DAILY&elements=WTEQ%2CSNWD%2CPRCP%2CTMIN%2CTMAX%2CTAVG "HTTP/1.1 200 OK"
2026-09-12 22:06:30,238 INFO   709:CO:SNTL: 3989 readings
2026-09-12 22:06:33,287 INFO HTTP Request: GET https://wcc.sc.egov.usda.gov/awdbRestApi/services/v1/data?stationTriplets=713%3ACO%3ASNTL&beginDate=2014-10-01&endDate=2025-09-01&duration=DAILY&elements=WTEQ%2CSNWD%2CPRCP%2CTMIN%2CTMAX%2CTAVG "HTTP/1.1 200 OK"
2026-09-12 22:06:39,840 INFO   713:CO:SNTL: 3983 readings
2026-09-12 22:06:42,698 INFO HTTP Request: GET https://wcc.sc.egov.usda.gov/awdbRestApi/services/v1/data?stationTriplets=717%3ACO%3ASNTL&beginDate=2014-10-01&endDate=2025-09-01&duration=DAILY&elements=WTEQ%2CSNWD%2CPRCP%2CTMIN%2CTMAX%2CTAVG "HTTP/1.1 200 OK"
2026-09-12 22:06:48,801 INFO   717:CO:SNTL: 3989 readings
2026-09-12 22:06:51,501 INFO HTTP Request: GET https://wcc.sc.egov.usda.gov/awdbRestApi/services/v1/data?stationTriplets=718%3ACO%3ASNTL&beginDate=2014-10-01&endDate=2025-09-01&duration=DAILY&elements=WTEQ%2CSNWD%2CPRCP%2CTMIN%2CTMAX%2CTAVG "HTTP/1.1 200 OK"
2026-09-12 22:06:56,972 INFO   718:CO:SNTL: 3989 readings
2026-09-12 22:06:59,887 INFO HTTP Request: GET https://wcc.sc.egov.usda.gov/awdbRestApi/services/v1/data?stationTriplets=737%3ACO%3ASNTL&beginDate=2014-10-01&endDate=2025-09-01&duration=DAILY&elements=WTEQ%2CSNWD%2CPRCP%2CTMIN%2CTMAX%2CTAVG "HTTP/1.1 200 OK"
2026-09-12 22:07:06,396 INFO   737:CO:SNTL: 3989 readings
2026-09-12 22:07:09,031 INFO HTTP Request: GET https://wcc.sc.egov.usda.gov/awdbRestApi/services/v1/data?stationTriplets=739%3ACO%3ASNTL&beginDate=2014-10-01&endDate=2025-09-01&duration=DAILY&elements=WTEQ%2CSNWD%2CPRCP%2CTMIN%2CTMAX%2CTAVG "HTTP/1.1 200 OK"
2026-09-12 22:07:14,838 INFO   739:CO:SNTL: 3989 readings
2026-09-12 22:07:17,353 INFO HTTP Request: GET https://wcc.sc.egov.usda.gov/awdbRestApi/services/v1/data?stationTriplets=762%3ACO%3ASNTL&beginDate=2014-10-01&endDate=2025-09-01&duration=DAILY&elements=WTEQ%2CSNWD%2CPRCP%2CTMIN%2CTMAX%2CTAVG "HTTP/1.1 200 OK"
2026-09-12 22:07:25,944 INFO   762:CO:SNTL: 3989 readings
2026-09-12 22:07:25,944 INFO Batch 80-89 done in 92.3s, total readings so far: 343427
2026-09-12 22:07:30,820 INFO HTTP Request: GET https://wcc.sc.egov.usda.gov/awdbRestApi/services/v1/data?stationTriplets=773%3ACO%3ASNTL&beginDate=2014-10-01&endDate=2025-09-01&duration=DAILY&elements=WTEQ%2CSNWD%2CPRCP%2CTMIN%2CTMAX%2CTAVG "HTTP/1.1 200 OK"
2026-09-12 22:07:36,416 INFO   773:CO:SNTL: 3989 readings
2026-09-12 22:07:39,279 INFO HTTP Request: GET https://wcc.sc.egov.usda.gov/awdbRestApi/services/v1/data?stationTriplets=780%3ACO%3ASNTL&beginDate=2014-10-01&endDate=2025-09-01&duration=DAILY&elements=WTEQ%2CSNWD%2CPRCP%2CTMIN%2CTMAX%2CTAVG "HTTP/1.1 200 OK"
2026-09-12 22:07:45,915 INFO   780:CO:SNTL: 3989 readings
2026-09-12 22:07:48,554 INFO HTTP Request: GET https://wcc.sc.egov.usda.gov/awdbRestApi/services/v1/data?stationTriplets=793%3ACO%3ASNTL&beginDate=2014-10-01&endDate=2025-09-01&duration=DAILY&elements=WTEQ%2CSNWD%2CPRCP%2CTMIN%2CTMAX%2CTAVG "HTTP/1.1 200 OK"
2026-09-12 22:07:55,782 INFO   793:CO:SNTL: 3989 readings
2026-09-12 22:07:58,359 INFO HTTP Request: GET https://wcc.sc.egov.usda.gov/awdbRestApi/services/v1/data?stationTriplets=797%3ACO%3ASNTL&beginDate=2014-10-01&endDate=2025-09-01&duration=DAILY&elements=WTEQ%2CSNWD%2CPRCP%2CTMIN%2CTMAX%2CTAVG "HTTP/1.1 200 OK"
2026-09-12 22:08:04,428 INFO   797:CO:SNTL: 3989 readings
2026-09-12 22:08:07,392 INFO HTTP Request: GET https://wcc.sc.egov.usda.gov/awdbRestApi/services/v1/data?stationTriplets=802%3ACO%3ASNTL&beginDate=2014-10-01&endDate=2025-09-01&duration=DAILY&elements=WTEQ%2CSNWD%2CPRCP%2CTMIN%2CTMAX%2CTAVG "HTTP/1.1 200 OK"
2026-09-12 22:08:13,298 INFO   802:CO:SNTL: 3989 readings
2026-09-12 22:08:15,909 INFO HTTP Request: GET https://wcc.sc.egov.usda.gov/awdbRestApi/services/v1/data?stationTriplets=825%3ACO%3ASNTL&beginDate=2014-10-01&endDate=2025-09-01&duration=DAILY&elements=WTEQ%2CSNWD%2CPRCP%2CTMIN%2CTMAX%2CTAVG "HTTP/1.1 200 OK"
2026-09-12 22:08:21,433 INFO   825:CO:SNTL: 3989 readings
2026-09-12 22:08:24,157 INFO HTTP Request: GET https://wcc.sc.egov.usda.gov/awdbRestApi/services/v1/data?stationTriplets=827%3ACO%3ASNTL&beginDate=2014-10-01&endDate=2025-09-01&duration=DAILY&elements=WTEQ%2CSNWD%2CPRCP%2CTMIN%2CTMAX%2CTAVG "HTTP/1.1 200 OK"
2026-09-12 22:08:30,628 INFO   827:CO:SNTL: 3989 readings
2026-09-12 22:08:33,567 INFO HTTP Request: GET https://wcc.sc.egov.usda.gov/awdbRestApi/services/v1/data?stationTriplets=829%3ACO%3ASNTL&beginDate=2014-10-01&endDate=2025-09-01&duration=DAILY&elements=WTEQ%2CSNWD%2CPRCP%2CTMIN%2CTMAX%2CTAVG "HTTP/1.1 200 OK"
2026-09-12 22:08:39,917 INFO   829:CO:SNTL: 3989 readings
2026-09-12 22:08:42,787 INFO HTTP Request: GET https://wcc.sc.egov.usda.gov/awdbRestApi/services/v1/data?stationTriplets=838%3ACO%3ASNTL&beginDate=2014-10-01&endDate=2025-09-01&duration=DAILY&elements=WTEQ%2CSNWD%2CPRCP%2CTMIN%2CTMAX%2CTAVG "HTTP/1.1 200 OK"
2026-09-12 22:08:50,093 INFO   838:CO:SNTL: 3989 readings
2026-09-12 22:08:52,773 INFO HTTP Request: GET https://wcc.sc.egov.usda.gov/awdbRestApi/services/v1/data?stationTriplets=839%3ACO%3ASNTL&beginDate=2014-10-01&endDate=2025-09-01&duration=DAILY&elements=WTEQ%2CSNWD%2CPRCP%2CTMIN%2CTMAX%2CTAVG "HTTP/1.1 200 OK"
2026-09-12 22:08:59,604 INFO   839:CO:SNTL: 3989 readings
2026-09-12 22:08:59,604 INFO Batch 90-99 done in 91.7s, total readings so far: 383317
2026-09-12 22:09:04,250 INFO HTTP Request: GET https://wcc.sc.egov.usda.gov/awdbRestApi/services/v1/data?stationTriplets=840%3ACO%3ASNTL&beginDate=2014-10-01&endDate=2025-09-01&duration=DAILY&elements=WTEQ%2CSNWD%2CPRCP%2CTMIN%2CTMAX%2CTAVG "HTTP/1.1 200 OK"
2026-09-12 22:09:10,468 INFO   840:CO:SNTL: 3989 readings
2026-09-12 22:09:13,139 INFO HTTP Request: GET https://wcc.sc.egov.usda.gov/awdbRestApi/services/v1/data?stationTriplets=842%3ACO%3ASNTL&beginDate=2014-10-01&endDate=2025-09-01&duration=DAILY&elements=WTEQ%2CSNWD%2CPRCP%2CTMIN%2CTMAX%2CTAVG "HTTP/1.1 200 OK"
2026-09-12 22:09:20,588 INFO   842:CO:SNTL: 3989 readings
2026-09-12 22:09:23,386 INFO HTTP Request: GET https://wcc.sc.egov.usda.gov/awdbRestApi/services/v1/data?stationTriplets=843%3ACO%3ASNTL&beginDate=2014-10-01&endDate=2025-09-01&duration=DAILY&elements=WTEQ%2CSNWD%2CPRCP%2CTMIN%2CTMAX%2CTAVG "HTTP/1.1 200 OK"
2026-09-12 22:09:29,825 INFO   843:CO:SNTL: 3989 readings
2026-09-12 22:09:33,056 INFO HTTP Request: GET https://wcc.sc.egov.usda.gov/awdbRestApi/services/v1/data?stationTriplets=857%3ACO%3ASNTL&beginDate=2014-10-01&endDate=2025-09-01&duration=DAILY&elements=WTEQ%2CSNWD%2CPRCP%2CTMIN%2CTMAX%2CTAVG "HTTP/1.1 200 OK"
2026-09-12 22:09:40,341 INFO   857:CO:SNTL: 3989 readings
2026-09-12 22:09:43,038 INFO HTTP Request: GET https://wcc.sc.egov.usda.gov/awdbRestApi/services/v1/data?stationTriplets=869%3ACO%3ASNTL&beginDate=2014-10-01&endDate=2025-09-01&duration=DAILY&elements=WTEQ%2CSNWD%2CPRCP%2CTMIN%2CTMAX%2CTAVG "HTTP/1.1 200 OK"
2026-09-12 22:09:49,012 INFO   869:CO:SNTL: 3989 readings
2026-09-12 22:09:51,855 INFO HTTP Request: GET https://wcc.sc.egov.usda.gov/awdbRestApi/services/v1/data?stationTriplets=870%3ACO%3ASNTL&beginDate=2014-10-01&endDate=2025-09-01&duration=DAILY&elements=WTEQ%2CSNWD%2CPRCP%2CTMIN%2CTMAX%2CTAVG "HTTP/1.1 200 OK"
2026-09-12 22:09:57,438 INFO   870:CO:SNTL: 3989 readings
2026-09-12 22:10:00,244 INFO HTTP Request: GET https://wcc.sc.egov.usda.gov/awdbRestApi/services/v1/data?stationTriplets=874%3ACO%3ASNTL&beginDate=2014-10-01&endDate=2025-09-01&duration=DAILY&elements=WTEQ%2CSNWD%2CPRCP%2CTMIN%2CTMAX%2CTAVG "HTTP/1.1 200 OK"
2026-09-12 22:10:05,752 INFO   874:CO:SNTL: 3989 readings
2026-09-12 22:10:09,229 INFO HTTP Request: GET https://wcc.sc.egov.usda.gov/awdbRestApi/services/v1/data?stationTriplets=904%3ACO%3ASNTL&beginDate=2014-10-01&endDate=2025-09-01&duration=DAILY&elements=WTEQ%2CSNWD%2CPRCP%2CTMIN%2CTMAX%2CTAVG "HTTP/1.1 200 OK"
2026-09-12 22:10:14,881 INFO   904:CO:SNTL: 3989 readings
2026-09-12 22:10:17,929 INFO HTTP Request: GET https://wcc.sc.egov.usda.gov/awdbRestApi/services/v1/data?stationTriplets=905%3ACO%3ASNTL&beginDate=2014-10-01&endDate=2025-09-01&duration=DAILY&elements=WTEQ%2CSNWD%2CPRCP%2CTMIN%2CTMAX%2CTAVG "HTTP/1.1 200 OK"
2026-09-12 22:10:23,488 INFO   905:CO:SNTL: 3989 readings
2026-09-12 22:10:25,827 INFO HTTP Request: GET https://wcc.sc.egov.usda.gov/awdbRestApi/services/v1/data?stationTriplets=913%3ACO%3ASNTL&beginDate=2014-10-01&endDate=2025-09-01&duration=DAILY&elements=WTEQ%2CSNWD%2CPRCP%2CTMIN%2CTMAX%2CTAVG "HTTP/1.1 200 OK"
2026-09-12 22:10:31,287 INFO   913:CO:SNTL: 3989 readings
2026-09-12 22:10:31,287 INFO Batch 100-109 done in 89.7s, total readings so far: 423207
2026-09-12 22:10:36,420 INFO HTTP Request: GET https://wcc.sc.egov.usda.gov/awdbRestApi/services/v1/data?stationTriplets=914%3ACO%3ASNTL&beginDate=2014-10-01&endDate=2025-09-01&duration=DAILY&elements=WTEQ%2CSNWD%2CPRCP%2CTMIN%2CTMAX%2CTAVG "HTTP/1.1 200 OK"
2026-09-12 22:10:41,982 INFO   914:CO:SNTL: 3989 readings
2026-09-12 22:10:44,393 INFO HTTP Request: GET https://wcc.sc.egov.usda.gov/awdbRestApi/services/v1/data?stationTriplets=935%3ACO%3ASNTL&beginDate=2014-10-01&endDate=2025-09-01&duration=DAILY&elements=WTEQ%2CSNWD%2CPRCP%2CTMIN%2CTMAX%2CTAVG "HTTP/1.1 200 OK"
2026-09-12 22:10:49,953 INFO   935:CO:SNTL: 3989 readings
2026-09-12 22:10:52,672 INFO HTTP Request: GET https://wcc.sc.egov.usda.gov/awdbRestApi/services/v1/data?stationTriplets=936%3ACO%3ASNTL&beginDate=2014-10-01&endDate=2025-09-01&duration=DAILY&elements=WTEQ%2CSNWD%2CPRCP%2CTMIN%2CTMAX%2CTAVG "HTTP/1.1 200 OK"
2026-09-12 22:10:58,140 INFO   936:CO:SNTL: 3981 readings
2026-09-12 22:11:00,600 INFO HTTP Request: GET https://wcc.sc.egov.usda.gov/awdbRestApi/services/v1/data?stationTriplets=937%3ACO%3ASNTL&beginDate=2014-10-01&endDate=2025-09-01&duration=DAILY&elements=WTEQ%2CSNWD%2CPRCP%2CTMIN%2CTMAX%2CTAVG "HTTP/1.1 200 OK"
2026-09-12 22:11:06,143 INFO   937:CO:SNTL: 3989 readings
2026-09-12 22:11:09,213 INFO HTTP Request: GET https://wcc.sc.egov.usda.gov/awdbRestApi/services/v1/data?stationTriplets=938%3ACO%3ASNTL&beginDate=2014-10-01&endDate=2025-09-01&duration=DAILY&elements=WTEQ%2CSNWD%2CPRCP%2CTMIN%2CTMAX%2CTAVG "HTTP/1.1 200 OK"
2026-09-12 22:11:15,325 INFO   938:CO:SNTL: 3989 readings
2026-09-12 22:11:17,906 INFO HTTP Request: GET https://wcc.sc.egov.usda.gov/awdbRestApi/services/v1/data?stationTriplets=939%3ACO%3ASNTL&beginDate=2014-10-01&endDate=2025-09-01&duration=DAILY&elements=WTEQ%2CSNWD%2CPRCP%2CTMIN%2CTMAX%2CTAVG "HTTP/1.1 200 OK"
2026-09-12 22:11:23,530 INFO   939:CO:SNTL: 3989 readings
2026-09-12 22:11:26,821 INFO HTTP Request: GET https://wcc.sc.egov.usda.gov/awdbRestApi/services/v1/data?stationTriplets=940%3ACO%3ASNTL&beginDate=2014-10-01&endDate=2025-09-01&duration=DAILY&elements=WTEQ%2CSNWD%2CPRCP%2CTMIN%2CTMAX%2CTAVG "HTTP/1.1 200 OK"
2026-09-12 22:11:32,993 INFO   940:CO:SNTL: 3989 readings
2026-09-12 22:11:35,836 INFO HTTP Request: GET https://wcc.sc.egov.usda.gov/awdbRestApi/services/v1/data?stationTriplets=970%3ACO%3ASNTL&beginDate=2014-10-01&endDate=2025-09-01&duration=DAILY&elements=WTEQ%2CSNWD%2CPRCP%2CTMIN%2CTMAX%2CTAVG "HTTP/1.1 200 OK"
2026-09-12 22:11:42,410 INFO   970:CO:SNTL: 3989 readings
2026-09-12 22:11:42,410 INFO Batch 110-117 done in 69.1s, total readings so far: 455111
2026-09-12 22:11:42,410 INFO SNOTEL pull complete: 455111 readings in 1061.5s
     station_id           name  elevation  latitude  longitude
0  1344:CO:SNTL     Alta Lakes    11290.0  37.88929 -107.84484
1   303:CO:SNTL       Apishapa    10000.0  37.33067 -105.06766
2  1030:CO:SNTL  Arapaho Ridge    10960.0  40.35098 -106.38141
3   322:CO:SNTL      Bear Lake     9490.0  40.31176 -105.64670
4  1061:CO:SNTL     Bear River     9100.0  40.06152 -107.00948

=== SNOTEL DAILY STATS ===
    total  stations   earliest     latest  null_swe  null_temp_min  null_temp_max  null_precip
0  455111       117 2014-10-01 2025-09-01        65           8640          15408          661

Total readings: 455111
Failed stations: 0

[exited with code 0]
