==========================================
FILE: search1.json
==========================================
Results: 9
---
Title: A microstructural dry-snow metamorphism model for kinetic crystal growth | Journal of Glaciology | Cambridge Core
URL: https://www.cambridge.org/core/journals/journal-of-glaciology/article/microstructural-drysnow-metamorphism-model-for-kinetic-crystal-growth/C058642A02DDEE54B7B21E3275D02092
Highlights:
 > In the terrestrial environment, ice exists near its phase-change temperature. Consequently, snow on the ground is a thermodynamically active material with a granular microstructure that is continuously changing. The morphologic structure of the snowpack influences virtually all of its thermomechanical and optical properties including strength, density, thermal conductivity, heat capacity, and reflectivity or albedo. These properties dictate many critical snow responses and are foundational to snow science. The critical dependence of snow properties on microstructure makes metamorphism an extremely important area of study. Typically, dry snow will metamorphose either toward a faceted granular structure when exposed to a temperature gradient or to rounded sintered ice grains under macroscopically isothermal conditions. Both processes may occur simultaneously at different levels within the same snow-pack. Which of these processes dominates is largely dependent on the magnitude of the local temperature gradient. Larger temperature gradients, nominally taken to be >10 K m−1 (Reference ColbeckColbeck, 1982), lead to the development of the structurally fragile snow with a faceted crystal 
---
Title: Blog: Understanding and managing depth hoar - Utah Avalanche Center
URL: https://utahavalanchecenter.org/blog/28021
Highlights:
 > When shallow snow sits on the ground under cold clear skies it begins to transform, or metamorphose into a pile of loose, dry, sugary crystals called depth hoar. Lacking cohesion, and in turn strength, depth hoar is the bane of a snowpack. As a weak base layer, these large grained, faceted crystals can become the failure point for large, dangerous, and unpredictable full depth avalanches. And depending on your geographic location, and the type of winter you are having, depth hoar can plague your snowpack from as little as a few weeks, to a few months, or even for an entire season.
...
Depth hoar forms through a process known as temperature gradient metamorphism which isn't quite as complicated as it sounds. In winter, the ground, insulated by a layer of snow, has a temperature right around 32 degrees which is generally quite a bit warmer than the air temperature. When the ground loses heat into the atmosphere it causes vapor to transfer up through the snowpack. As the vapor moves upward, it recrystallizes into plates or facets on the bottom of overlying crystals. This faceted snow is square, angular, and has poor bonding properties as opposed to rounded, sintered grains which make 
---
Title: FACETING ABOVE CRUSTS AND ASSOCIATED SLAB AVALANCHING IN THE COLUMBIA MOUNTAINS
URL: https://arc.lib.montana.edu/snow-science/objects/issw-2004-112-120.pdf
Highlights:
 > due to rain, wet snowfall or a net energy balance that is positive (into the snow) long enough to wet snow at or near the snow surface. The crusts due to rain and sun observed in the Columbia Moun tains are rarely thin and transparent as required for the international definition of rain crusts and sun crusts (Col
...
et al., 1990). We record these non-transparent layers as melt-freeze crusts (CRmfc) but retain the labels rain crust and sun crust in field notes to identify the cause whenever weather data or field observations sup port the distinction. 2. FORMATION OF POOR BOND TO CRUSTS For avalanches that slid on crusts in the Co lumbia Mountains, profiles summarized in Sec tion 3 of this paper show that the weak layers usually consist of faceted crystals (facets) or sur face hoar. These layers are known to be slow to bond, typically comprise relatively large grains and can remain weak in the snowpack for a week to several months. Although surface hoar layers on crusts are important to avalanche forecasting in the Columbia Mountains (Hägeli and McClung, 2003), this paper focuses on facets above crusts. Faceted crystals (facets) and depth hoar re sult from kinetic growth of crystals
---
Title: Kinetic Grain Growth in Firn Induced by Meltwater Infiltration on the Greenland Ice Sheet
URL: https://egusphere.copernicus.org/preprints/2025/egusphere-2025-3002/egusphere-2025-3002-ATC2.pdf
Highlights:
 > persisting to depths
...
-shaped pyramids (
...
are preserved up to
...
depth before elimination
...
(Kamata et al., 1999). However, measuring vapor pressure is challenging and prone to high error, thus it is widely accepted that working with temperature is best practice (Colbeck, 1987). We therefore adopt the approach of numerous prior studies (e.g., Colbeck, 1987; LaChapelle and Armstrong, 1977; Marbouty, 1980) that associate grain faceting with a threshold temperature gradient of |±10| °C m −1 110 . Here, we use the term Critical Temperature Gradient (CTG) to refer to any temperature gradient above the threshold that is therefore indicative of facet-forming conditions.
...
our study sites
...
colder than typical seasonal snowpacks where most
...
gradient metamorphism studies are performed (e.g., the mean annual air temperature at CP-1998m is about -16.5℃), we expect relatively reduced rates of kinetic grain growth in GrIS percolation zone firn. We
...
assure that 135
...
drive vapor flux amidst cool ambient temperatures
...
the Clausius-Clapeyron relation and the
...
equilibrium water vapor
...
The temperature gradients measured in our network of time series exceeded the critica
---
Title: Snow Avalanche Climatology of the Western United States Mountain Ranges
URL: https://bestsnow.net/AvalancheClimatologyWesternUS.pdf
Highlights:
 > ground. Loose snow avalanches occur when the surface snow is rela tively
...
less and the slope angle is steeper than the angle of repose, and they only present a small haz ard (Voight et al. 1990). In contrast, slab avalanches are more
...
. The intermountain and continental zones possess some overlap of temperature variability, but interquartile ranges are mostly still distinct, separated at a thresh old approximately -7°C. Box plots of seasonal snow fall indicate increased variability from inland toward the coast (Fig. 3). Thus snowfall is not a good discrimi nator between the coastal and intermountain zones, as the variability of the latter is virtually within the range of variability of the coastal zone. Snowfall for the in termountain zone, however, exhibits a different range of variability as compared to the continental zone, according to interquartile ranges, with a threshold at around 560 cm. Box plots of snow water equivalent exhibit similar results as for snowfall, but these results indicate that some of the variability in the coastal zone is a bit better discriminated from that in the intermoun tain zone when considering values above 100 cm. Total snow depth is a poor d
---
Title: Why is Colorado’s Snowpack So Touchy: the Race to 150. | Ben Markhart Mountain Guiding
URL: https://benmarkhart.com/2025/10/04/why-is-colorados-snowpack-so-touchy-the-race-to-150/
Highlights:
 > Colorado’s mountains tend to follow the characteristics of a continental snow climate. The continental regime is characterized by a relatively thin snowpack and cold temperatures. This regime leads to a weak, faceted snowpack that’s prone to creating the real killers—the big persistent slab.
...
The big difference between the two colder regimes is the amount of snow—but not just the total at the end of the season. It all comes down to how quickly the snowpack can get to a depth that begins to resist faceting, given the common temperatures associated with that region in the early half of the snow season.
...
In broad strokes, faceting will happen in the snowpack given a temperature gradient across it that exceeds 1°C/10 cm. So, if the snowpack is a meter deep:100 cm, a gradient of 10°C is required to cause faceting. This means when the free air above the snowpack is -10°C or 14°F, we will see faceting. Remember, the air under the snowpack stays insulated at around 0°C or 32°F the whole season.
...
If we reverse engineer that to fit Colorado’s winter weather—where we regularly see temperatures at or below 0°F or -17°C—we need a snowpack at least 170 cm deep before it begins to resist
---
Title: Full article: Near-surface Faceted Crystal Formation and Snow Stability in a High-latitude Maritime Snow Climate, Juneau, Alaska
URL: https://www.tandfonline.com/doi/full/10.1657/1523-0430%282005%29037%5B0316%3ANFCFAS%5D2.0.CO%3B2
Highlights:
 > Much of the past research on faceted crystals has focused on the basal layers of the snowpack and the snowpack surface because of the widespread observation of depth hoar and surface hoar, which are extreme examples of faceted crystal growth (e.g., CitationAkitaya, 1974; CitationColbeck, 1982; CitationSturm and Benson, 1997; CitationMcClung and Schaerer, 1999). However, kinetic grain growth close beneath the snowpack surface, which results in the formation of near-surface faceted crystals, has recently received more attention. Near-surface faceted crystals are formed under conditions with strong vapor pressure gradients near the snow surface. These vapor pressure gradients are a result of large temperature gradients driven by either diurnal temperature cycling or solar radiation inputs at the snow surface (CitationColbeck, 1989). Temperature gradients in near-surface snowpack layers can be well in excess of 100°C m−1 (CitationFukuzawa and Akitaya, 1993; CitationBirkeland et al., 1998), and are often much higher than those measured in basal snowpack layers. Low-density snow at the surface of the snowpack can undergo rapid kinetic metamorphism when subjected to temperature gradients 
---
Title: A New Data Set for Assessing the Cold Content of the Rocky Mountain West Snowpack
URL: https://scholar.colorado.edu/honr_theses/1518
Highlights:
 > Snowpack cold content (CCsnow) is the
...
required to bring a
...
to an isothermal
...
. CCsnow
...
trend analyses were
...
-2.
...
-3.3˚
...
˚C -
...
m -3
...
kg m -3
...
kg m -3 2
...
kg m -3 279 kg m -3 326 kg m -3 333 kg m -3 299 kg m -3 285 kg m -3 303 kg m -3
...
reduce this risk
...
The 16-year average profiles at each site are broadly characterized by a minimum in CCsnow near the base of the snowpack, ⍴snow is often low and where there is a ground heat flux into the snowpack. Highest CCsnow layers are in the middle of the snowpack, where densities are higher than the layers above or below. However, the mean profiles mask high inter-annual variability in the vertical profiles of CCsnow; CCsnow appears to be more variable than either Tsnow or ⍴snow.
...
, debris,
...
The mean profile of CCsnow by combining all sites is plotted along with medians and standard deviations in figure 10 Above 100 cm snow depth, CCsnow seems to vary by depth. The mean and median deviate erratically from the 100 cm level up to the 370 cm depth (Figure 10 ). This is probably due to the top 30 cm of the snowpack being highly coupled to the atmosphere, which can be seen in Tsnow profiles as the sharp h
---
Title: An Experimental Study of Temperature-Gradient Metamorphism
URL: https://www.cambridge.org/core/journals/journal-of-glaciology/article/an-experimental-study-of-temperaturegradient-metamorphism/67457CF43ECAEF86053FB1101C94F627
Highlights:
 > The present study was carried out with a view to quantifying the effects of the main parameters ot temperature-gradient metamorphism. Cold-room simulation tests showed crystal growth to be an increasing function of the temperature-gradient modulus with a lower limit of around 0.25 deg/cm. This growth also proved to be a function of temperature itself reaching a maximum at around –5°C Furthermore the shape of depth-hoar crystals was also shown to depend on temperature and to resemble approximately that obtained when crystals are formed in the atmosphere. Temperature-gradient metamorphism is observed to take place at constant density. Increase in crystal size is a decreasing function of density with a lower limit of around 150 kg/m3, below which destructive metamorphism occurs accompanied by packing (similar to ET metamorphism): the upper limit is situated at approximately 350 kg/m3and no depth-hoar crystals occur above this value. The series of Cold-room simulations enabled a highly simplified model of crystal growth to be constructed.
...
The formation of depth hoar is a factor responsible for the destabilization of the snow-pack and is consequently one of the causes triggering lar
==========================================
FILE: search2.json
==========================================
Results: 10
---
Title: Avalanche.org » Surface Hoar
URL: https://avalanche.org/avalanche-encyclopedia/snowpack/weak-layer/persistent-weak-layers/surface-hoar-2/
Highlights:
 > Avalanche.org » Surface Hoar

A fragile weak layer notorious for surprising behavior and persistent instabilities.

Credit: Crested Butte Avalanche Center

Surface hoar develops as feathery crystals on the snow surface if the air above it is cooled to the frost point. The recipe for effective surface hoar growth is rather specific: a clear, cold sky, a high relative humidity, and relatively calm winds. When these conditions come together, surface hoar can form very quickly, just like the frost on your windshield. It is equally challenging for these fragile feathers to survive on the snow surface. Wind, rain, sun, or sluffs can easily destroy surface hoar before it gets buried. Thus, the spatial patterns of a buried surface hoar layer can be fickle and “pockety”. You may find it in one bowl but not the next. You may find it in one snowpit but not the next, 10 yards away. The ingredients for the formation and preservation of surface hoar most often come together in sparsely gladed or open, wind-protected terrain on colder aspects, well below windy ridges and mountain tops–the same type of terrain that you might overlook as an obvious starting zone. It is also common for surface hoar 
---
Title: On modelling the formation and survival of surface hoar in complex terrain
URL: https://arc.lib.montana.edu/snow-science/objects/ISSW13_paper_P4-06.pdf
Highlights:
 > ABSTRACT: Surface hoar crystals form on the snow surface during cold nights. Cloudless sky, humid
...
air and low to moderate wind speeds are required meteorological preconditions. When buried by sub
...
this set of topographies using a detailed radiation balance model. Relative humidity was assumed to
...
be favorable for surface hoar formation. Based on a series of cold laboratory experiments, we derived
...
a sky view factor threshold associated with the minimum longwave radiative cooling necessary for sur
...
1 INTRODUCTION Surface hoar crystals can cover the mou tains in a sparkly blanket. These crystals form on the snow surface during cold cloudless nights when due to longwave (LW) radiative cooling the snow surface becomes colder than the air, resulting in the deposition of water vapour on the snow surface. While the meteorological pre conditions for surface hoar formation, which also include humid air and low to moderate wind speeds (e.g. Colbeck, 1988; Hachikubo and Aki taya, 1997, 1998; Stössel et al., 2010), are rela tively well understood, less is known about the evolution and survival of surface hoar crystals on the snow surface, for instance due to the in fluence of w
---
Title: Meteorological, elevation, and slope effects on surface hoar formation
URL: https://tc.copernicus.org/preprints/9/1857/2015/tc-2015-27-manuscript-version3.pdf
Highlights:
 > 1Department of Civil Engineering, University of Calgary, Alberta, Canada *currently at: Centre for Hydrology, University of Saskatchewan, Saskatchewan, Canada Correspondence to: S. Horton (horton.simon@gmail.com) Abstract. Failure in layers of buried surface hoar crystals (frost) can cause hazardous snow slab avalanches. Surface hoar crystals form on the snow surface and are sensitive to micro-meteorological conditions. In this study, the role of meteorological and terrain factors were investigated for three lay ers of surface hoar in the Columbia Mountains of Canada. The distribution of crystals over different 5 elevations and aspects was observed on 20 days of field observations during a period of high pres sure. The same layers were modelled over simplified terrain on a 2.5 km horizontal grid by forcing the snow cover model SNOWPACK with forecast weather data from a numerical weather prediction model. Modelled surface hoar growth was associated with warm air temperatures, high humidity, cold surface temperatures, and low wind speeds. Surface hoar was most developed in regions and el 10 evation bands where these conditions existed, although strong winds at high elevations caused 
---
Title: TC - Meteorological, elevation, and slope effects on surface hoar formation
URL: https://tc.copernicus.org/articles/9/1523/2015/
Highlights:
 > TC - Meteorological, elevation, and slope effects on surface hoar formation

07 Aug 2015

# Meteorological, elevation, and slope effects on surface hoar formation 

 S. Horton, M. Schirmer, and B. Jamieson 

Abstract. Failure in layers of buried surface hoar crystals (frost) can cause hazardous snow slab avalanches. Surface hoar crystals form on the snow surface and are sensitive to micro-meteorological conditions. In this study, the role of meteorological and terrain factors was investigated for three layers of surface hoar in the Columbia Mountains of Canada. The distribution of crystals over different elevations and aspects was observed on 20 days of field observations during a period of high pressure. The same layers were modelled over simplified terrain on a 2.5 km horizontal grid by forcing the snow cover model SNOWPACK with forecast weather data from a numerical weather prediction model. Modelled surface hoar growth was associated with warm air temperatures, high humidity, cold surface temperatures, and low wind speeds. Surface hoar was most developed in regions and elevation bands where these conditions existed, although strong winds at high elevations caused some model dis
---
Title: Modelling the formation of surface hoar layers and tracking post-burial changes for avalanche forecasting
URL: https://www.sciencedirect.com/science/article/pii/S0165232X13001006
Highlights:
 > 01](#bb0080),[Hachikubo, 2001](#bb0105),[Stössel et al., 2010](#bb0200
...
Agreement between mass flux and surface hoar crystal size has been weak ([Feick et al., 2007](#bb0075),[Stössel et al., 2010](#bb0200)).[Bellaire and Jamieson (2012)](#bb0015)found poor predictions of surface hoar size when applying the SNOWPACK model in the Columbia Mountains of Canada. Climatic differences between Switzerland and Canada may affect these predictions because the Columbia Mountains are generally more humid and less windy than the Swiss Alps. These conditions make widespread layers of large surface hoar common in the Columbia Mountains ([Haegeli and McClung, 2003](#bb0110)).
...
Weather data including air temperature, relative humidity,[wind speed](https://www.sciencedirect.com/topics/earth-and-planetary-sciences/wind-velocity), wind direction, incoming[longwave radiation](https://www.sciencedirect.com/topics/earth-and-planetary-sciences/long-wave-radiation), incoming[shortwave radiation](https://www.sciencedirect.com/topics/earth-and-planetary-sciences/short-wave-radiation)and precipitation (snow water equivalent) were recorded at an automated weather station next to the study plot. Snow surf
---
Title: Field investigation of near-surface metamorphism of snow
URL: https://doi.org/10.3189/002214311796905695
Highlights:
 > Buried surface hoar and near-surface faceted crystals are known to lead to deadly avalanches. Over the course of three winter seasons a field investigation detailing the environmental conditions leading to the formation of these crystals was performed. Weather stations on north-and south-facing aspects were established. The weather data were accompanied by detailed daily observations and grain-scale photographs of the snow surface. During the three seasons, 35 surface hoar and 47 near-surface facets events were recorded. The mean weather conditions for the entire dataset (all three seasons and both stations) were compared to the nights when surface hoar formed. The comparison yielded five parameters that were statistically linked to the formation of surface hoar: incoming longwave radiation, snow surface temperature, wind velocity, relative humidity and the air/snow temperature difference. A similar comparison between the daytime mean values for all days with near-surface facet events revealed three parameters with statistically significant differences. Thus, these parameters (short-and longwave radiation and relative humidity) could be statistically linked to facet formation. This
---
Title: Persistent Slab | Colorado Avalanche Information Center
URL: https://www.avalanche.state.co.us/persistent-slab
Highlights:
 > Release of a cohesive layer of soft to hard snow (a slab) in the middle to upper snowpack, when the bond to an underlying persistent weak layer breaks. Persistent layers include: surface hoar, depth hoar, near-surface facets, or faceted snow. Persistent weak layers can continue to produce avalanches for days, weeks or even months, making them especially dangerous and tricky. As additional snow and wind events build a thicker slab on top of the persistent weak layer, this avalanche problem may develop into a Deep Persistent Slab.
...
Persistent Slabs form when a persistent weak layer is buried by additional layers of snow. The problem persists after storm and wind slab instabilities have stabilized. The persistent weak layer can cycle through periods of sensitivity from reactive to nonreactive due to changes in weather conditions such as new precipitation, wind loading, strong solar radiation, and/or rapid changes in air temperature.
...
The spatial distribution of Persistent Slabs is dictated by the distribution of the culprit weak layer. The weak layer distribution is dictated by the weather patterns responsible for its creation. Thus, Persistent Slab distribution can range from w
---
Title: Field investigation of near-surface metamorphism of snow
URL: https://www.cambridge.org/core/journals/journal-of-glaciology/article/field-investigation-of-nearsurface-metamorphism-of-snow/82A01E028E56ABB203C469B7B048B952
Highlights:
 > Buried surface hoar and near-surface faceted crystals are known to lead to deadly avalanches. Over the course of three winter seasons a field investigation detailing the environmental conditions leading to the formation of these crystals was performed. Weather stations on north- and south-facing aspects were established. The weather data were accompanied by detailed daily observations and grain-scale photographs of the snow surface. During the three seasons, 35 surface hoar and 47 near-surface facets events were recorded. The mean weather conditions for the entire dataset (all three seasons and both stations) were compared to the nights when surface hoar formed. The comparison yielded five parameters that were statistically linked to the formation of surface hoar: incoming longwave radiation, snow surface temperature, wind velocity, relative humidity and the air/snow temperature difference. A similar comparison between the daytime mean values for all days with near-surface facet events revealed three parameters with statistically significant differences. Thus, these parameters (short- and longwave radiation and relative humidity) could be statistically linked to facet formation. Th
---
Title: Avalanche Problems | Colorado Avalanche Information Center
URL: https://avalanche.state.co.us/forecasts/tutorial/avalanche-problems
Highlights:
 > Release of a soft cohesive layer (a slab) of new snow that breaks within the storm snow or on the old snow surface. Storm-slab problems typically last between a few hours and few days. Storm-slabs that form over a persistent weak layer (surface hoar, depth hoar, or near-surface facets) may be termed Persistent Slabs or may develop into Persistent Slabs.
...
Release of a cohesive layer of snow (a slab) formed by the wind. Wind typically transports snow from the upwind sides of terrain features and deposits snow on the downwind side. Wind slabs are often smooth and rounded and sometimes sound hollow, and can range from soft to hard. Wind slabs that form over a persistent weak layer (surface hoar, depth hoar, or near-surface facets) may be termed Persistent Slabs or may develop into Persistent Slabs.
...
Release of a cohesive layer of soft to hard snow (a slab) in the middle to upper snowpack, when the bond to an underlying persistent weak layer breaks. Persistent layers include: surface hoar, depth hoar, near-surface facets, or faceted snow. Persistent weak layers can continue to produce avalanches for days, weeks or even months, making them especially dangerous and tricky. As additi
---
Title: View Report | Colorado Avalanche Information Center
URL: https://avalanche.state.co.us/report/4081b15d-4f24-458e-9de2-5d85c2bd777d
Highlights:
 > View Report | Colorado Avalanche Information Center

View Report | Colorado Avalanche Information Center
[
Skip to main content
](#main-content)
[
![Home](/themes/custom/avalanche/logo.png)
](/)
Menu
==========================================
FILE: search3.json
==========================================
Results: 7
---
Title: Snowpack regimes of the Western United States
URL: https://doi.org/10.1002/2013wr014753
Highlights:
 > to understand how these changes may affect the snow regimes of the region, the current characteristics of the snow accumulation and melt patterns must be identified. Here we characterize the snow water equivalent (SWE) curve formed by the daily SWE values at 766 snow pillow stations in the Western United States, focusing on several metrics of the yearly SWE curves and the relationships between the different metrics. The metrics are the initial snow accumulation and snow disappearance dates, the peak snow accumulation and date of peak, the length of the snow accumulation season, the length of the snowmelt season, and the snow accumulation and snowmelt slopes. Three snow regimes emerge from these results: a maritime, an intermountain, and a continental regime. The maritime regime is characterized by higher maximum snow accumulations reaching 300 cm and shorter accumulation periods of less than 220 days. Conversely, the continental regime is characterized by lower maximum accumulations below 200 cm and longer accumulation periods reaching over 260 days. The intermountain regime lies in between. The regions that show the characteristics of the maritime regime include the Cascade Mounta
---
Title: 
URL: https://cdn.ymaws.com/www.avalancheassociation.ca/resource/resmgr/itp_Wx_CD/Intro_Papers/SnowAvalancheClimates_Armstr.pdf
Highlights:
 > weather and snow conditions of the continental :zone are
...
analysed in terms of a greater potential to develop
...
and maintain a snowcover with a lower bulk strength. It
...
is hypothesized that this weaker snow structure will
...
contribute to a lower overall snow stability for longer
...
periods of time following storm periods compared to the
...
maritime zone. The susceptibility of the continental
...
skier-triggered aval
...
during nonstorm periods is evaluated using the avalanche accident
...
seasonal snow depth for the maritime is 1.7 times that of the
...
continental, the coefficient of variation for snow depth in the
...
continental is one-half that of the-maritime. This relationship was
...
near 00 C, a temperature gradient of at least
...
100 per meter is
...
required to produce depth hoar. When viewed in terms of this
...
requirement, conditions in the continental climate are, on the
...
average, conduci~ to depth ~~~£-!~r.mation well into January.
...
Conditions in the intermountain zone are less often conducive to
...
depth hoar formation and such conditions are rare in the maritime.
...
While snow stratigraphy at anyone location, regardless of climate
...
the hori
---
Title: Proceedings, International Snow Science Workshop 2018, Innsbruck, Austria
URL: https://arc.lib.montana.edu/snow-science/objects/ISSW2018_P10.1.pdf
Highlights:
 > 1 Colorado Avalanche Information Center, Boulder, CO, USA ABSTRACT: Avalanches breaking on persistent weak layers such as surface hoar, faceted grains, or depth hoar account for most fatal avalanche accidents in Colorado, USA. These avalanches are also the hardest for avalanche forecasters to assess and describe to the public. Avalanche seasons may contain periods with no snowfall, infrequent avalanche activity, and few signs of unstable snow, but snow profiles still show a troubling structure with the propensity for crack propagation. We examined avalanches on persistent weak layers recorded by the Colorado Avalanche Information Center from 2011 to 2018. We used snowfall and wind data recorded at automated weather stations to determine 24-hour snowfall, 24-hour wind speeds, and cumulative snowfall over several days. From the data we were able to determine when avalanches released in relation to loading events. This analysis provides insight in to the probability distribution of avalanches on persistent weak layers. Using “days since a loading event” and “days without snowfall” can provide important guidance to avalanche professionals forecasting avalanche danger, and communicating
---
Title: Deep Persistent Slab | Colorado Avalanche Information Center
URL: https://www.avalanche.state.co.us/deep-persistent-slab
Highlights:
 > Deep Persistent Slab | Colorado Avalanche Information Center

# Deep Persistent Slab

Release of a thick cohesive layer of hard snow (a slab), when the bond breaks between the slab and an underlying persistent weak layer, deep in the snowpack or near the ground. The most common persistent weak layers involved in deep, persistent slabs are depth hoar or facets surrounding a deeply buried crust. Deep Persistent Slabs are typically hard to trigger, are very destructive and dangerous due to the large mass of snow involved, and can persist for months once developed. They are often triggered from areas where the snow is shallow and weak, and are particularly difficult to forecast for and manage. They commonly develop when Persistent Slabs become more deeply buried over time.

Deep Persistent Slabs are destructive and deadly events that can take months to stabilize. You can trigger them from well down in the avalanche path, and after dozens of tracks have crossed the slope. Avalanche Essentials–Deep Persistent Slab

## How they form

Deep Persistent Slabs form when a persistent weak layer is deeply buried under a thick hard slab of snow created by numerous storm events. This problem commo
---
Title: Maritime, Transistional, or Continental: Snowpack Climates, Explained - SnowBrains
URL: https://snowbrains.com/snowpack-climates-explained/
Highlights:
 > Temperature: Maritime climates are typically the warmest of the three climates. This is due to these regions’ proximity to the ocean–evaporative cooling keeps temperatures mild in summer and winter.
...
Snowfall: Due to said mild temperatures, maritime snow climates typically receive snow that is high in moisture content. Skiers have made affectionate nicknames for this type of snow, like “Sierra Cement” and “Cascade Concrete.” However, despite the wetter, heavier snow, maritime climates are hammered with snow due to the fresh moisture coming off the ocean. Typical annual snowfall amounts range from 400″-800″.
...
Avalanche considerations: Maritime climates generally have the safest snowpacks in terms of avalanches. This is due to the mild temperatures creating very subtle temperature gradients, which prevent weak layers throughout the snowpack. Many of the avalanches in maritime zones are due to instabilities with new snowfall, which typically stabilizes within a few days as the snowpack adjusts to the load.
...
Temperature: Continental snow climates have by far the coldest temperatures of the three snow climates. These freezing temperatures result from a combination of high altit
---
Title: NHESS - Synoptic atmospheric circulation patterns associated with deep persistent slab avalanches in the western United States
URL: https://nhess.copernicus.org/articles/21/757/2021/
Highlights:
 > , 2
...
ski area is located on the east side of the Bridger mountain range in southwest Montana approximately 27 km north of Bozeman (45.8174 ∘ N, 110.8966 ∘ W) with a summit elevation of 2652 m and base elevation of 1859 m (
...
. 1). Jackson Hole Mountain Resort is located in western Wyoming in the Teton Range (43.833 ∘ N, 111.871 ∘ W). The base elevation at Jackson Hole is 1924 m, and the summit rises to 3185 m. The Grand Targhee ski area is located in the same mountain range approximately 20 km (12 mi) northwest of Jackson Hole. Due to their close proximity, the records for both of these ski areas are used to describe avalanche activity in the Jackson area for this analysis. Mammoth Mountain Ski Area is located in the Sierra Nevada range in central California (37.630 ∘ N, 119.050 ∘ W) with a summit elevation of 3698 m and a base elevation of 2424 m. Bridger Bowl and Jackson Hole typically fall within the intermountain snow climate regime (Mock and Birkeland, 2000), characterized by cool winter temperatures and moderate to heavy seasonal snowfall. Mammoth Mountain lies within the coastal snow climate zone, with high seasonal snowfall totals, relatively warm temperatures, and som
---
Title: Proceedings, International Snow Science Workshop, Banff, 2014
URL: https://arc.lib.montana.edu/snow-science/objects/ISSW14_paper_P4.10.pdf
Highlights:
 > low-probability, high consequence events. They are challenging for forecasters to communi cate and for recreationalists to mitigate. The ques tion was posed several weeks after forecasters first discussed DPS, and after two fatalities related to DPS occurred. At the time of the question, DPS accounted for 66% of the fatalities within Colorado for that season. The winter of 2012-13, DPS ac counted for 60% of the seasonal fatalities. We set out to determine if that proportion of fatalities as sociated with DPS was common in Colorado. 2. METHODS 2.1 The state of Colorado is located in the central Rocky Mountains of North America (Fig. 1). It is characterized by a continental snow climate (McClung and Schaerer 2006). Winter tempera tures are relatively cold, leading to persistent structural weaknesses in the snowpack.
...
Deep Persistent Slab avalanches accounted for 13 accidents and 19 (21%) fatalities in during
...
period. No DPS broke on surface hoar dur ing the study period. DPS avalanches caused fa talities in eight of the 15 seasons, and in two seasons accounted for 60% of the seasonal fatali ties. DPS accidents occur in spatial and temporal proximity during the “bad” seasons. DP
==========================================
FILE: search4.json
==========================================
Results: 5
---
Title: SNOWPACK: Metamorphism Class Reference
URL: https://snowpack.slf.ch/doc-release/html/classMetamorphism.html
Highlights:
 > static const double 

mm_tg_dpdz = 5.

Defines the vapor pressure gradient at which TG metamorphism begins (hPa m-1) More... 

static const double 

ba_g_fudge = 3.

brief Defines Thorsten's Geometry FUDGE More... 

static const double 

sa_g_fudge = 0.35

Defines Satyawali's Geometry FUDGE. More... 

Grain and bond growth

static const double 

max_grain_growth = 5.

A grain cannot grow more than 5.0 mm d-1. More... 

static const double 

bond_size_stop = 0.75

Bond radius usually will not grow larger than Metamorphism::bond_size_stop * grain radius. More... 

static const double 

max_grain_bond_ratio = 0.95

Absolute limit of grain to bond ratio (SH, initialisation) More...
...
## Thresholds for wind slab formation
...
static const double 

wind_slab_enhance = 5.

For no action, set strength factor for wind slab formation to 0.0. More... 

static const double 

wind_slab_vw = 5.

Wind slab forms for winds stronger than Metamorphism::wind_slab_vw (m s-1) More... 

static const double 

wind_slab_depth = 0.07

Wind slab formation down to Metamorphism::wind_slab_depth (m) More...
...
(const SnowpackConfig &i_cfg
...
&Mdata,
...
Station &Xdata) const throw ()
...
This routine estim
---
Title: SNOWPACK: Metamorphism Class Reference
URL: https://snowpack.slf.ch/doc-dev/html/classMetamorphism.html
Highlights:
 > | Static Public Attributes | |
| --- | --- |
| static const double | mm_tg_dpdz= 5. |
| | Defines the vapor pressure gradient at which TG metamorphism begins (hPa m-1) |
| static const double | ba_g_fudge= 3. |
| | brief Defines Thorsten's Geometry FUDGE |
| static const double | sa_g_fudge= 0.35 |
| | Defines Satyawali's Geometry FUDGE. |
...
| Grain and bond growth | |
| static const double | max_grain_growth= 5. |
| | A grain cannot grow more than 5.0 mm d-1. |
| static const double | bond_size_stop= 0.75 |
| | Bond radius usually will not grow larger than Metamorphism::bond_size_stop* grain radius. |
| static const double | max_grain_bond_ratio= 0.95 |
| | Absolute limit of grain to bond ratio (SH, initialisation) |
...
| Thresholds for wind slab formation | |
| --- | --- |
| static const double | wind_slab_enhance= 5. |
| | For no action, set strength factor for wind slab formation to 0.0. |
| static const double | wind_slab_vw= 5. |
| | Wind slab forms for winds stronger than Metamorphism::wind_slab_vw(m s-1) |
| static const double | wind_slab_depth= 0.07 |
| | Wind slab formation down to Metamorphism::wind_slab_depth(m) |
| static const double | melt_crust_relaxation= 5.0 |
---
Title: Modeling the changes in microstructure of snow during metamorphism
URL: https://www.sciencedirect.com/science/article/abs/pii/S0165232X01000325
Highlights:
 > Since the internal microstructure is important for determining the mechanical, thermal and physical properties of snow, a study was undertaken to develop a physical model that can predict changes in microstructure of snow during metamorphism. The microstructure was defined in terms of the 3-D coordination number, mean grain size, mean bond radius and mean neck length. For situations where temperature gradients were small, a mixture theory was used to calculate the rates of change in grain size and bond size. These calculated results were then compared with experimental data and found to adequately predict changes in microstructure while subjected to small temperature gradients. When temperature gradient effects dominate, a physical model was developed, which calculated sublimation and deposition rates on neck and grain surfaces. This model was found to give results that represent what happens in snow under TG conditions. However, a lack of data to date has precluded a thorough evaluation. For mechanical effects, another physical model was developed to determine the deformation within the bonds and necks. These models have been incorporated into the SNOWPACK program, which was devel
---
Title: Assessment of the microstructure-based snow-cover model SNOWPACK: thermal and mechanical properties
URL: https://www.sciencedirect.com/science/article/abs/pii/S0165232X01000337
Highlights:
 > It is well known that snow texture affects many properties of the snowpack. For example, new snow, layers of either small rounded grains or larger faceted and cup-shaped crystals, as well as wet snow, all show different viscous behaviors. The most direct approach to include such effects in snow-cover models is to formulate processes and properties in terms of microstructure parameters such as grain and bond size, coordination number, bond neck length, etc. Such an approach was taken for the Swiss snow-cover model SNOWPACK. Because the interdependence of properties and processes is inherent to a microstructure-based formalism, great care must be taken to properly adjust the parameters involved.
...
Using both laboratory and field experiments
...
There are basically two ways to introduce texture-related quantities in snow-cover modeling. Besides grain
...
, one may introduce shape-related parameters as was done by Brun et al. (1992). This approach, however, lacks the direct link to texture, in other terms, the intergranular relationship. Indeed, for example, the ratio of bond to grain size or the coordination number is not
...
correctly the mechanical behavior of snow such
...
even s
---
Title: A statistical validation of the snowpack model in a Montana climate
URL: https://www.sciencedirect.com/science/article/abs/pii/S0165232X01000386
Highlights:
 > Recently, a computer model has been developed by the Swiss Federal Institute for Snow and Avalanche Research that simulates the evolution of a natural snow cover. Using common meteorological parameters as input, SNOWPACK predicts characteristics such as snowpack temperature and density, in addition to snow microstructure and layering. An investigation was conducted to evaluate the effectiveness of SNOWPACK in a Montana climate. A weather station was constructed in the Bridger Mountains near Bozeman, Montana, to provide the meteorological parameters necessary to run SNOWPACK. Throughout the 1999–2000 winter, weekly snow profiles were performed in undisturbed snow to provide a benchmark for the model output. Density, grain size, and crystallography were recorded on 10-cm intervals over the full snow depth, and the temperature profile was monitored with a thermocouple array. Finally, the meteorological parameters were input into SNOWPACK, and a statistical comparison was performed comparing the predicted snowpack to the observational data. Snowpack temperatures are predicted reasonably accurately by SNOWPACK. The modeled and observed densities correlated well, but the model typically 
