============================= test session starts ==============================
platform darwin -- Python 3.14.7, pytest-9.1.1, pluggy-1.6.0 -- /Users/cooperanderson/work/personal/code/colorado-avalanche-ml/.venv/bin/python
cachedir: .pytest_cache
rootdir: /Users/cooperanderson/work/personal/code/colorado-avalanche-ml
configfile: pyproject.toml
plugins: timeout-2.4.0, asyncio-1.4.0, anyio-4.15.1, respx-0.23.1
timeout: 120.0s
timeout method: signal
timeout func_only: False
asyncio: mode=Mode.AUTO, debug=False, asyncio_default_fixture_loop_scope=None, asyncio_default_test_loop_scope=function
collecting ... collected 292 items

tests/test_alignment.py::TestStationZoneJoin::test_station_gets_correct_zone_label PASSED [  0%]
tests/test_alignment.py::TestStationZoneJoin::test_station_in_multiple_zones PASSED [  0%]
tests/test_alignment.py::TestStationZoneJoin::test_station_in_no_zone_excluded PASSED [  1%]
tests/test_alignment.py::TestFeatureMatrixColumns::test_has_weather_features PASSED [  1%]
tests/test_alignment.py::TestFeatureMatrixColumns::test_has_physics_features PASSED [  1%]
tests/test_alignment.py::TestFeatureMatrixColumns::test_has_label_columns PASSED [  2%]
tests/test_alignment.py::TestFeatureMatrixColumns::test_has_metadata_columns PASSED [  2%]
tests/test_alignment.py::TestRowGranularity::test_rows_per_station_date_band PASSED [  2%]
tests/test_alignment.py::TestRowGranularity::test_multiple_bands_produce_multiple_rows PASSED [  3%]
tests/test_alignment.py::TestMissingData::test_missing_label_excluded PASSED [  3%]
tests/test_alignment.py::TestMissingData::test_missing_weather_features_flagged PASSED [  3%]
tests/test_alignment.py::TestMissingData::test_missing_physics_features_flagged PASSED [  4%]
tests/test_alignment.py::TestTemporalSplit::test_split_boundaries FAILED [  4%]
tests/test_alignment.py::TestTemporalSplit::test_split_returns_dataframes_with_columns PASSED [  4%]
tests/test_alignment.py::TestClassDistribution::test_distribution_report PASSED [  5%]
tests/test_alignment.py::TestClassDistribution::test_danger_level_counts PASSED [  5%]
tests/test_alignment.py::TestClassDistribution::test_coverage_stats PASSED [  5%]
tests/test_alignment.py::TestParquetExport::test_export_roundtrip PASSED [  6%]
tests/test_alignment.py::TestFullPipeline::test_end_to_end_synthetic PASSED [  6%]
tests/test_api.py::TestPredictionRequest::test_valid_request PASSED      [  6%]
tests/test_api.py::TestPredictionRequest::test_with_date PASSED          [  7%]
tests/test_api.py::TestPredictionRequest::test_invalid_elevation_band PASSED [  7%]
tests/test_api.py::TestPredictionResponse::test_valid_response PASSED    [  7%]
tests/test_api.py::TestStationResponse::test_valid_station PASSED        [  8%]
tests/test_api.py::TestHealthResponse::test_valid_health PASSED          [  8%]
tests/test_api.py::TestPredictEndpoint::test_predict_valid PASSED        [  8%]
tests/test_api.py::TestPredictEndpoint::test_predict_invalid_zone PASSED [  9%]
tests/test_api.py::TestPredictEndpoint::test_predict_no_model PASSED     [  9%]
tests/test_api.py::TestPredictEndpoint::test_predict_missing_fields PASSED [  9%]
tests/test_api.py::TestPredictEndpoint::test_predict_invalid_elevation_band PASSED [ 10%]
tests/test_api.py::TestPredictEndpoint::test_predict_defaults_date_to_today PASSED [ 10%]
tests/test_api.py::TestHistoryEndpoint::test_history_valid PASSED        [ 10%]
tests/test_api.py::TestHistoryEndpoint::test_history_empty_range PASSED  [ 11%]
tests/test_api.py::TestStationsEndpoint::test_stations_all PASSED        [ 11%]
tests/test_api.py::TestStationsEndpoint::test_stations_filter_by_zone PASSED [ 11%]
tests/test_api.py::TestStationsEndpoint::test_station_response_shape PASSED [ 12%]
tests/test_api.py::TestHealthEndpoint::test_health_healthy PASSED        [ 12%]
tests/test_api.py::TestHealthEndpoint::test_health_degraded_no_model PASSED [ 13%]
tests/test_caic.py::TestCaicSchema::test_danger_ratings_table_exists PASSED [ 13%]
tests/test_caic.py::TestCaicSchema::test_problem_types_table_exists PASSED [ 13%]
tests/test_caic.py::TestCaicSchema::test_zone_station_mapping_table_exists PASSED [ 14%]
tests/test_caic.py::TestDangerRatingIngestion::test_stores_danger_ratings PASSED [ 14%]
tests/test_caic.py::TestDangerRatingIngestion::test_parses_elevation_bands PASSED [ 14%]
tests/test_caic.py::TestDangerRatingIngestion::test_danger_levels_1_to_5 PASSED [ 15%]
tests/test_caic.py::TestDangerRatingIngestion::test_source_tagged_caic PASSED [ 15%]
tests/test_caic.py::TestDangerRatingIngestion::test_null_danger_for_missing_date PASSED [ 15%]
tests/test_caic.py::TestProblemTypeIngestion::test_stores_problem_types PASSED [ 16%]
tests/test_caic.py::TestProblemTypeIngestion::test_preserves_problem_ordering PASSED [ 16%]
tests/test_caic.py::TestProblemTypeIngestion::test_normalizes_problem_type_names PASSED [ 16%]
tests/test_caic.py::TestProblemTypeIngestion::test_stores_likelihood_and_size PASSED [ 17%]
tests/test_caic.py::TestOapFallback::test_oap_danger_ingestion PASSED    [ 17%]
tests/test_caic.py::TestOapFallback::test_oap_tagged_source PASSED       [ 17%]
tests/test_caic.py::TestOapFallback::test_oap_problem_ingestion PASSED   [ 18%]
tests/test_caic.py::TestOapFallback::test_caic_failure_falls_back_to_oap PASSED [ 18%]
tests/test_caic.py::TestZoneStationMapping::test_maps_station_to_zone PASSED [ 18%]
tests/test_caic.py::TestZoneStationMapping::test_station_in_multiple_zones PASSED [ 19%]
tests/test_caic.py::TestDeduplication::test_danger_upsert_no_duplicates PASSED [ 19%]
tests/test_caic.py::TestDeduplication::test_problem_upsert_no_duplicates PASSED [ 19%]
tests/test_caic.py::TestClassDistribution::test_danger_distribution PASSED [ 20%]
tests/test_caic.py::TestClassDistribution::test_problem_distribution PASSED [ 20%]
tests/test_caic.py::TestClassDistribution::test_distribution_percentages PASSED [ 20%]
tests/test_comparison.py::TestCompareModels::test_compare_returns_differences PASSED [ 21%]
tests/test_comparison.py::TestCompareModels::test_winner_per_metric_correct PASSED [ 21%]
tests/test_comparison.py::TestCompareModels::test_fnr_direction_correct PASSED [ 21%]
tests/test_comparison.py::TestModelRecommendation::test_lstm_wins_when_f1_higher_by_threshold PASSED [ 22%]
tests/test_comparison.py::TestModelRecommendation::test_rf_wins_when_f1_higher_by_threshold PASSED [ 22%]
tests/test_comparison.py::TestModelRecommendation::test_tie_defaults_to_rf PASSED [ 22%]
tests/test_comparison.py::TestModelRecommendation::test_lstm_fnr_much_worse_overrides PASSED [ 23%]
tests/test_comparison.py::TestComparisonReport::test_report_is_string PASSED [ 23%]
tests/test_comparison.py::TestComparisonReport::test_report_contains_metrics PASSED [ 23%]
tests/test_comparison.py::TestComparisonReport::test_report_contains_recommendation PASSED [ 24%]
tests/test_comparison.py::TestPerElevationBandComparison::test_per_band_in_comparison PASSED [ 24%]
tests/test_db_schema.py::test_create_tables_creates_stations PASSED      [ 25%]
tests/test_db_schema.py::test_create_tables_creates_snotel_daily PASSED  [ 25%]
tests/test_db_schema.py::test_create_tables_creates_snotel_hourly PASSED [ 25%]
tests/test_db_schema.py::test_create_tables_creates_ingestion_watermarks PASSED [ 26%]
tests/test_db_schema.py::test_stations_table_has_expected_columns PASSED [ 26%]
tests/test_db_schema.py::test_create_tables_is_idempotent PASSED         [ 26%]
tests/test_evaluation.py::TestBinaryMetrics::test_binary_f1_perfect PASSED [ 27%]
tests/test_evaluation.py::TestBinaryMetrics::test_binary_f1_imperfect PASSED [ 27%]
tests/test_evaluation.py::TestBinaryMetrics::test_binary_f1_all_negative PASSED [ 27%]
tests/test_evaluation.py::TestOrdinalAccuracy::test_ordinal_exact_match PASSED [ 28%]
tests/test_evaluation.py::TestOrdinalAccuracy::test_ordinal_within_one PASSED [ 28%]
tests/test_evaluation.py::TestOrdinalAccuracy::test_ordinal_some_outside PASSED [ 28%]
tests/test_evaluation.py::TestConfusionMatrix::test_confusion_matrix_shape PASSED [ 29%]
tests/test_evaluation.py::TestConfusionMatrix::test_confusion_matrix_values PASSED [ 29%]
tests/test_evaluation.py::TestFalseNegativeRate::test_false_negative_rate_perfect PASSED [ 29%]
tests/test_evaluation.py::TestFalseNegativeRate::test_false_negative_rate_all_missed PASSED [ 30%]
tests/test_evaluation.py::TestFalseNegativeRate::test_false_negative_rate_partial PASSED [ 30%]
tests/test_evaluation.py::TestFalseNegativeRate::test_false_negative_rate_no_elevated PASSED [ 30%]
tests/test_evaluation.py::TestHighDangerDetection::test_detection_rate_perfect PASSED [ 31%]
tests/test_evaluation.py::TestHighDangerDetection::test_detection_rate_missed PASSED [ 31%]
tests/test_evaluation.py::TestHighDangerDetection::test_detection_rate_no_high PASSED [ 31%]
tests/test_evaluation.py::TestBrierScore::test_brier_score_perfect PASSED [ 32%]
tests/test_evaluation.py::TestBrierScore::test_brier_score_worst PASSED  [ 32%]
tests/test_evaluation.py::TestBrierScore::test_brier_score_value PASSED  [ 32%]
tests/test_evaluation.py::TestClassDistribution::test_class_distribution_report PASSED [ 33%]
tests/test_evaluation.py::TestPerElevationBandMetrics::test_per_band_breakdown PASSED [ 33%]
tests/test_evaluation.py::TestStage1Evaluation::test_stage1_metrics PASSED [ 33%]
tests/test_evaluation.py::TestStage1Evaluation::test_exact_match_ratio PASSED [ 34%]
tests/test_evaluation.py::TestStage2Evaluation::test_stage2_metrics PASSED [ 34%]
tests/test_evaluation.py::TestStage2Evaluation::test_stage2_macro_f1 PASSED [ 34%]
tests/test_integration.py::TestFullRequestCycle::test_predict_response_matches_schema PASSED [ 35%]
tests/test_integration.py::TestFullRequestCycle::test_predict_then_history_shows_data PASSED [ 35%]
tests/test_integration.py::TestFullRequestCycle::test_stations_have_required_fields PASSED [ 35%]
tests/test_integration.py::TestFullRequestCycle::test_health_has_all_fields PASSED [ 36%]
tests/test_integration.py::TestAuthIntegration::test_auth_enabled_no_key_returns_401 PASSED [ 36%]
tests/test_integration.py::TestAuthIntegration::test_auth_enabled_valid_key_returns_200 PASSED [ 36%]
tests/test_integration.py::TestRateLimitIntegration::test_101_rapid_requests_last_gets_429 PASSED [ 37%]
tests/test_lstm_data.py::TestFeatureColumns::test_sequence_feature_count PASSED [ 37%]
tests/test_lstm_data.py::TestDatasetLength::test_eligible_sample_count PASSED [ 38%]
tests/test_lstm_data.py::TestDatasetLength::test_short_history_skipped PASSED [ 38%]
tests/test_lstm_data.py::TestBranchShapes::test_branch1_shape PASSED     [ 38%]
tests/test_lstm_data.py::TestBranchShapes::test_branch2_shape PASSED     [ 39%]
tests/test_lstm_data.py::TestBranchShapes::test_branch3_shape PASSED     [ 39%]
tests/test_lstm_data.py::TestBranch3::test_branch3_lengths PASSED        [ 39%]
tests/test_lstm_data.py::TestBranch3::test_padding_is_zeros PASSED       [ 40%]
tests/test_lstm_data.py::TestBranch3::test_3day_aggregation_values PASSED [ 40%]
tests/test_lstm_data.py::TestBranch3::test_season_starts_oct1 PASSED     [ 40%]
tests/test_lstm_data.py::TestNormalization::test_stats_computed PASSED   [ 41%]
tests/test_lstm_data.py::TestNormalization::test_normalized_near_zero_mean PASSED [ 41%]
tests/test_lstm_data.py::TestNormalization::test_no_data_leakage PASSED  [ 41%]
tests/test_lstm_data.py::TestMissingData::test_nan_filled PASSED         [ 42%]
tests/test_lstm_data.py::TestCollate::test_batch_shapes PASSED           [ 42%]
tests/test_lstm_data.py::TestDataLoader::test_iteration PASSED           [ 42%]
tests/test_lstm_data.py::TestDataLoader::test_create_dataloaders PASSED  [ 43%]
tests/test_lstm_data.py::TestLabels::test_label_keys PASSED              [ 43%]
tests/test_lstm_data.py::TestLabels::test_danger_binary_encoding PASSED  [ 43%]
tests/test_lstm_eval.py::TestEvaluateLSTM::test_returns_stage1_and_stage2 PASSED [ 44%]
tests/test_lstm_eval.py::TestEvaluateLSTM::test_stage1_per_type_metrics PASSED [ 44%]
tests/test_lstm_eval.py::TestEvaluateLSTM::test_stage2_binary_f1 PASSED  [ 44%]
tests/test_lstm_eval.py::TestEvaluateLSTM::test_stage2_ordinal_accuracy PASSED [ 45%]
tests/test_lstm_eval.py::TestEvaluateLSTM::test_stage2_confusion_matrix PASSED [ 45%]
tests/test_lstm_eval.py::TestEvaluateLSTM::test_stage2_false_negative_rate PASSED [ 45%]
tests/test_lstm_eval.py::TestEvaluateLSTM::test_stage2_brier_score PASSED [ 46%]
tests/test_lstm_eval.py::TestEvaluateLSTM::test_per_elevation_band PASSED [ 46%]
tests/test_lstm_eval.py::TestEvaluateLSTM::test_metric_keys_match_rf_format PASSED [ 46%]
tests/test_lstm_eval.py::TestRunLSTMTrainingPipeline::test_pipeline_returns_all_splits PASSED [ 47%]
tests/test_lstm_eval.py::TestRunLSTMTrainingPipeline::test_pipeline_returns_mlflow_run_id PASSED [ 47%]
tests/test_lstm_eval.py::TestRunLSTMTrainingPipeline::test_pipeline_returns_history PASSED [ 47%]
tests/test_lstm_eval.py::TestRunLSTMTrainingPipeline::test_pipeline_metrics_match_rf_format PASSED [ 48%]
tests/test_lstm_model.py::TestModelInstantiation::test_creates_three_branch_lstms PASSED [ 48%]
tests/test_lstm_model.py::TestModelInstantiation::test_lstm_config PASSED [ 48%]
tests/test_lstm_model.py::TestModelInstantiation::test_trunk_layers PASSED [ 49%]
tests/test_lstm_model.py::TestModelInstantiation::test_stage1_head PASSED [ 49%]
tests/test_lstm_model.py::TestModelInstantiation::test_stage2_binary_head PASSED [ 50%]
tests/test_lstm_model.py::TestModelInstantiation::test_stage2_multi_head PASSED [ 50%]
tests/test_lstm_model.py::TestModelInstantiation::test_default_parameters PASSED [ 50%]
tests/test_lstm_model.py::TestForwardPass::test_output_keys PASSED       [ 51%]
tests/test_lstm_model.py::TestForwardPass::test_output_shapes PASSED     [ 51%]
tests/test_lstm_model.py::TestForwardPass::test_problem_types_range PASSED [ 51%]
tests/test_lstm_model.py::TestForwardPass::test_danger_binary_range PASSED [ 52%]
tests/test_lstm_model.py::TestForwardPass::test_danger_distribution_sums_to_one PASSED [ 52%]
tests/test_lstm_model.py::TestForwardPass::test_variable_branch3_lengths PASSED [ 52%]
tests/test_lstm_model.py::TestForwardPass::test_stage2_receives_stage1_output PASSED [ 53%]
tests/test_lstm_model.py::TestForwardPass::test_zero_length_branch3 PASSED [ 53%]
tests/test_lstm_model.py::TestFocalLoss::test_instantiation PASSED       [ 53%]
tests/test_lstm_model.py::TestFocalLoss::test_known_output PASSED        [ 54%]
tests/test_lstm_model.py::TestFocalLoss::test_gamma_reduces_easy_examples PASSED [ 54%]
tests/test_lstm_model.py::TestFocalLoss::test_with_alpha_weights PASSED  [ 54%]
tests/test_lstm_model.py::TestCombinedLoss::test_weighted_sum PASSED     [ 55%]
tests/test_lstm_model.py::TestTrainingLoop::test_train_runs_n_epochs PASSED [ 55%]
tests/test_lstm_model.py::TestTrainingLoop::test_validation_loss_tracked PASSED [ 55%]
tests/test_lstm_model.py::TestTrainingLoop::test_early_stopping PASSED   [ 56%]
tests/test_lstm_model.py::TestTrainingLoop::test_lr_scheduler_reduces_lr PASSED [ 56%]
tests/test_lstm_model.py::TestTrainingLoop::test_gradient_clipping PASSED [ 56%]
tests/test_lstm_model.py::TestModelSerialization::test_save_load_roundtrip PASSED [ 57%]
tests/test_lstm_model.py::TestModelSerialization::test_metadata_saved PASSED [ 57%]
tests/test_lstm_model.py::TestPrediction::test_predict_returns_dataframe PASSED [ 57%]
tests/test_middleware.py::TestAuthMiddleware::test_no_api_key_env_auth_disabled PASSED [ 58%]
tests/test_middleware.py::TestAuthMiddleware::test_api_key_set_valid_key_passes PASSED [ 58%]
tests/test_middleware.py::TestAuthMiddleware::test_api_key_set_invalid_key_returns_401 PASSED [ 58%]
tests/test_middleware.py::TestAuthMiddleware::test_api_key_set_missing_key_returns_401 PASSED [ 59%]
tests/test_middleware.py::TestRateLimitMiddleware::test_under_limit_passes PASSED [ 59%]
tests/test_middleware.py::TestRateLimitMiddleware::test_exceeding_limit_returns_429 PASSED [ 59%]
tests/test_middleware.py::TestRateLimitMiddleware::test_rate_limit_resets_after_window PASSED [ 60%]
tests/test_per_band_pipeline.py::TestPerBandFiltering::test_filter_produces_correct_subset PASSED [ 60%]
tests/test_per_band_pipeline.py::TestStagedChronologicalSplit::test_split_dates_correct PASSED [ 60%]
tests/test_per_band_pipeline.py::TestFrozenStage1Predictions::test_stage2_never_sees_actual_labels PASSED [ 61%]
tests/test_per_band_pipeline.py::TestEnsembleAveraging::test_top3_configs_averaged PASSED [ 61%]
tests/test_per_band_pipeline.py::TestPipelineEndToEnd::test_train_and_predict PASSED [ 61%]
tests/test_per_band_pipeline.py::TestPipelineEndToEnd::test_danger_levels_in_valid_range PASSED [ 62%]
tests/test_per_band_pipeline.py::TestSerialization::test_save_and_load_roundtrip PASSED [ 62%]
tests/test_physics_features.py::TestTempGradientCalculation::test_gradient_above_threshold PASSED [ 63%]
tests/test_physics_features.py::TestTempGradientCalculation::test_gradient_below_threshold PASSED [ 63%]
tests/test_physics_features.py::TestTempGradientCalculation::test_zero_snow_depth PASSED [ 63%]
tests/test_physics_features.py::TestTempGradientCalculation::test_null_snow_depth PASSED [ 64%]
tests/test_physics_features.py::TestTempGradientCumulative::test_accumulates_across_days PASSED [ 64%]
tests/test_physics_features.py::TestTempGradientCumulative::test_resets_at_season_start PASSED [ 64%]
tests/test_physics_features.py::TestTempGradientCumulative::test_resets_on_significant_rain_on_snow PASSED [ 65%]
tests/test_physics_features.py::TestSurfaceHoarIndex::test_hoar_conditions_met PASSED [ 65%]
tests/test_physics_features.py::TestSurfaceHoarIndex::test_hoar_not_met_has_precip PASSED [ 65%]
tests/test_physics_features.py::TestSurfaceHoarIndex::test_hoar_not_met_too_warm PASSED [ 66%]
tests/test_physics_features.py::TestSurfaceHoarIndex::test_hoar_resets_on_burial PASSED [ 66%]
tests/test_physics_features.py::TestRainOnSnow::test_ros_detected PASSED [ 66%]
tests/test_physics_features.py::TestRainOnSnow::test_ros_not_detected_no_precip PASSED [ 67%]
tests/test_physics_features.py::TestRainOnSnow::test_ros_not_detected_too_cold PASSED [ 67%]
tests/test_physics_features.py::TestRainOnSnow::test_ros_not_detected_no_snowpack PASSED [ 67%]
tests/test_physics_features.py::TestRainOnSnow::test_ros_edge_temp_exactly_32 PASSED [ 68%]
tests/test_physics_features.py::TestFreezThawCycles::test_all_freeze_thaw PASSED [ 68%]
tests/test_physics_features.py::TestFreezThawCycles::test_mixed_conditions PASSED [ 68%]
tests/test_physics_features.py::TestFreezThawCycles::test_no_snowpack_excluded PASSED [ 69%]
tests/test_physics_features.py::TestSnowDepthAnomaly::test_above_normal PASSED [ 69%]
tests/test_physics_features.py::TestSnowDepthAnomaly::test_below_normal PASSED [ 69%]
tests/test_physics_features.py::TestSnowDepthAnomaly::test_null_insufficient_years PASSED [ 70%]
tests/test_physics_features.py::TestEarlySeasonFlag::test_thin_snowpack_before_jan15 PASSED [ 70%]
tests/test_physics_features.py::TestEarlySeasonFlag::test_normal_snowpack_before_jan15 PASSED [ 70%]
tests/test_physics_features.py::TestEarlySeasonFlag::test_thin_snowpack_after_jan15 PASSED [ 71%]
tests/test_physics_features.py::TestWindSlabLoading::test_three_day_precip_sum PASSED [ 71%]
tests/test_physics_features.py::TestWindSlabLoading::test_no_precip PASSED [ 71%]
tests/test_physics_features.py::TestIntegration::test_all_features_computed PASSED [ 72%]
tests/test_physics_features.py::TestIntegration::test_multiple_stations PASSED [ 72%]
tests/test_physics_features.py::TestIntegration::test_upsert_on_recompute PASSED [ 72%]
tests/test_physics_features.py::TestIntegration::test_feature_count PASSED [ 73%]
tests/test_physics_features.py::TestIntegration::test_filtered_computation PASSED [ 73%]
tests/test_physics_features.py::TestTableSchema::test_columns_match_feature_list PASSED [ 73%]
tests/test_rf_stage1.py::TestStage1RFTraining::test_model_trains_without_error PASSED [ 74%]
tests/test_rf_stage1.py::TestStage1RFTraining::test_predictions_are_probabilities PASSED [ 74%]
tests/test_rf_stage1.py::TestStage1RFTraining::test_binary_predictions_respect_threshold PASSED [ 75%]
tests/test_rf_stage1.py::TestStage1RFTraining::test_smote_increases_minority_samples PASSED [ 75%]
tests/test_rf_stage1.py::TestStage1RFTraining::test_shap_values_shape PASSED [ 75%]
tests/test_rf_stage1.py::TestStage1RFTraining::test_global_feature_importance PASSED [ 76%]
tests/test_rf_stage1.py::TestStage1RFTraining::test_serialization_roundtrip PASSED [ 76%]
tests/test_rf_stage1.py::TestStage1RFTraining::test_handles_all_negative_class PASSED [ 76%]
tests/test_rf_stage1.py::TestStage1RFTraining::test_per_elevation_band PASSED [ 77%]
tests/test_rf_stage1.py::TestStage1RFTraining::test_feature_names_match PASSED [ 77%]
tests/test_rf_stage1.py::TestStage1RFTraining::test_metadata_saved PASSED [ 77%]
tests/test_rf_stage2.py::TestStage2RFTraining::test_model_trains_without_error PASSED [ 78%]
tests/test_rf_stage2.py::TestStage2RFTraining::test_binary_prediction_elevated_vs_not PASSED [ 78%]
tests/test_rf_stage2.py::TestStage2RFTraining::test_probability_distribution_sums_to_one PASSED [ 78%]
tests/test_rf_stage2.py::TestStage2RFTraining::test_smote_applied_for_binary_target PASSED [ 79%]
tests/test_rf_stage2.py::TestStage2RFTraining::test_asymmetric_cost_higher_penalty_false_negatives PASSED [ 79%]
tests/test_rf_stage2.py::TestStage2RFTraining::test_shap_values_include_problem_type_features PASSED [ 79%]
tests/test_rf_stage2.py::TestStage2RFTraining::test_three_class_output PASSED [ 80%]
tests/test_rf_stage2.py::TestStage2RFTraining::test_serialization_roundtrip PASSED [ 80%]
tests/test_rf_stage2.py::TestStage2RFTraining::test_per_elevation_band_prediction PASSED [ 80%]
tests/test_rf_stage2.py::TestTwoStagePipeline::test_pipeline_end_to_end PASSED [ 81%]
tests/test_rf_stage2.py::TestTwoStagePipeline::test_pipeline_serialization_roundtrip PASSED [ 81%]
tests/test_rf_stage2.py::TestTwoStagePipeline::test_pipeline_problem_types_in_output PASSED [ 81%]
tests/test_rf_stage2.py::TestTwoStagePipeline::test_pipeline_shap_includes_problem_type_probs PASSED [ 82%]
tests/test_rf_stage2.py::TestTwoStagePipeline::test_feature_importance_includes_problem_probs PASSED [ 82%]
tests/test_scheduler.py::TestDailyIngestionScheduler::test_run_daily_ingestion_executes_all_steps PASSED [ 82%]
tests/test_scheduler.py::TestDailyIngestionScheduler::test_one_step_failing_does_not_stop_rest PASSED [ 83%]
tests/test_scheduler.py::TestDailyIngestionScheduler::test_logging_captures_success_and_failure PASSED [ 83%]
tests/test_snotel.py::test_discover_stores_stations PASSED               [ 83%]
tests/test_snotel.py::test_discover_parses_metadata PASSED               [ 84%]
tests/test_snotel.py::test_discover_updates_existing_stations PASSED     [ 84%]
tests/test_snotel.py::test_ingest_daily_stores_readings PASSED           [ 84%]
tests/test_snotel.py::test_ingest_daily_parses_values PASSED             [ 85%]
tests/test_snotel.py::test_ingest_daily_upserts_on_overlap PASSED        [ 85%]
tests/test_snotel.py::test_ingest_hourly_stores_readings PASSED          [ 85%]
tests/test_snotel.py::test_ingest_flags_negative_swe PASSED              [ 86%]
tests/test_snotel.py::test_ingest_flags_temp_out_of_range PASSED         [ 86%]
tests/test_snotel.py::test_ingest_flags_discontinuity PASSED             [ 86%]
tests/test_snotel.py::test_ingest_no_flag_on_clean_data PASSED           [ 87%]
tests/test_snotel.py::test_ingest_sets_watermark PASSED                  [ 87%]
tests/test_snotel.py::test_incremental_ingest_uses_watermark PASSED      [ 88%]
tests/test_snotel.py::test_backfill_ignores_watermark PASSED             [ 88%]
tests/test_snotel.py::test_retry_on_5xx PASSED                           [ 88%]
tests/test_snotel.py::test_retry_exhaustion_raises PASSED                [ 89%]
tests/test_snotel.py::test_rate_limit_429_retry PASSED                   [ 89%]
tests/test_snotel.py::test_empty_response_returns_zero PASSED            [ 89%]
tests/test_snotel.py::test_partial_data_stores_nulls PASSED              [ 90%]
tests/test_snotel.py::test_ingest_daily_correct_station_id PASSED        [ 90%]
tests/test_tracking.py::TestMLflowTracking::test_configure_tracking PASSED [ 90%]
tests/test_tracking.py::TestMLflowTracking::test_log_training_run PASSED [ 91%]
tests/test_tracking.py::TestMLflowTracking::test_log_artifacts PASSED    [ 91%]
tests/test_tracking.py::TestMLflowTracking::test_experiment_creation PASSED [ 91%]
tests/test_tracking.py::TestMLflowTracking::test_flatten_metrics PASSED  [ 92%]
tests/test_train.py::TestTrainPipeline::test_run_training_pipeline PASSED [ 92%]
tests/test_train.py::TestTrainPipeline::test_model_artifacts_saved PASSED [ 92%]
tests/test_train.py::TestTrainPipeline::test_temporal_split_from_dataframe PASSED [ 93%]
tests/test_train.py::TestTrainPipeline::test_class_distribution_in_results PASSED [ 93%]
tests/test_weather_features.py::TestTemperatureFeatures::test_72h_window_aggregations PASSED [ 93%]
tests/test_weather_features.py::TestTemperatureFeatures::test_24h_window_is_single_day PASSED [ 94%]
tests/test_weather_features.py::TestPrecipitationFeatures::test_72h_precip_aggregations PASSED [ 94%]
tests/test_weather_features.py::TestPrecipitationFeatures::test_precip_intensity_zero_days PASSED [ 94%]
tests/test_weather_features.py::TestSnowFeatures::test_swe_change_72h PASSED [ 95%]
tests/test_weather_features.py::TestSnowFeatures::test_new_snow_clamped_to_zero PASSED [ 95%]
tests/test_weather_features.py::TestMultipleWindows::test_all_windows_computed PASSED [ 95%]
tests/test_weather_features.py::TestMultipleWindows::test_120h_window_all_five_days PASSED [ 96%]
tests/test_weather_features.py::TestMissingDataCoverage::test_below_50pct_coverage_nulls_features PASSED [ 96%]
tests/test_weather_features.py::TestMissingDataCoverage::test_at_50pct_coverage_computes PASSED [ 96%]
tests/test_weather_features.py::TestMissingDataCoverage::test_single_day_below_threshold_for_large_window PASSED [ 97%]
tests/test_weather_features.py::TestEdgeCases::test_first_day_of_data PASSED [ 97%]
tests/test_weather_features.py::TestEdgeCases::test_multiple_stations PASSED [ 97%]
tests/test_weather_features.py::TestWindFeatures::test_wind_columns_are_null PASSED [ 98%]
tests/test_weather_features.py::TestFeatureNaming::test_column_naming_convention PASSED [ 98%]
tests/test_weather_features.py::TestFeatureNaming::test_feature_count PASSED [ 98%]
tests/test_weather_features.py::TestFeatureMatrixShape::test_full_matrix_shape PASSED [ 99%]
tests/test_weather_features.py::TestIncrementalComputation::test_upsert_on_recompute PASSED [ 99%]
tests/test_weather_features.py::TestIncrementalComputation::test_filtered_computation PASSED [100%]

=================================== FAILURES ===================================
___________________ TestTemporalSplit.test_split_boundaries ____________________

self = <tests.test_alignment.TestTemporalSplit object at 0x11431a350>
alignment_db = <_duckdb.DuckDBPyConnection object at 0x11cc58bf0>

    def test_split_boundaries(self, alignment_db):
        _insert_station(alignment_db, "S1")
        _insert_zone_mapping(alignment_db, "Z1", "S1")
        dates_and_levels = [
            ("2020-01-15", 2),
            ("2022-12-01", 3),
            ("2024-01-15", 3),
            ("2024-11-01", 4),
        ]
        for date_str, level in dates_and_levels:
            _seed_complete_row(alignment_db, "S1", "Z1", date_str,
                               "above_treeline", level)
        assemble_training_matrix(alignment_db)
        train, val, test = temporal_split(alignment_db)
>       assert len(train) == 2   # 2020, 2022 dates <= 2023-06-30
        ^^^^^^^^^^^^^^^^^^^^^^
E       assert 3 == 2
E        +  where 3 = len(  station_id       date  ... day_of_year days_since_season_start\n0         S1 2020-01-15  ...          15                     106\n1         S1 2022-12-01  ...         335                      61\n2         S1 2024-01-15  ...          15                     106\n\n[3 rows x 113 columns])

tests/test_alignment.py:258: AssertionError
=============================== warnings summary ===============================
.venv/lib/python3.14/site-packages/fastapi/testclient.py:1
  /Users/cooperanderson/work/personal/code/colorado-avalanche-ml/.venv/lib/python3.14/site-packages/fastapi/testclient.py:1: StarletteDeprecationWarning: Using `httpx` with `starlette.testclient` is deprecated; install `httpx2` instead.
    from starlette.testclient import TestClient as TestClient  # noqa

.venv/lib/python3.14/site-packages/starlette/testclient.py:53
  /Users/cooperanderson/work/personal/code/colorado-avalanche-ml/.venv/lib/python3.14/site-packages/starlette/testclient.py:53: DeprecationWarning: The anyio.abc.BlockingPortal alias is deprecated, use anyio.from_thread.BlockingPortal instead.
    _PortalFactoryType = Callable[[], AbstractContextManager[anyio.abc.BlockingPortal]]

tests/test_rf_stage1.py::TestStage1RFTraining::test_model_trains_without_error
  /Users/cooperanderson/work/personal/code/colorado-avalanche-ml/.venv/lib/python3.14/site-packages/shap/plots/colors/_colors.py:47: PendingDeprecationWarning: The set_bad function will be deprecated in a future version. Use cmap.with_extremes(bad=...) or Colormap(bad=...) instead.
    red_blue.set_bad(gray_rgb.tolist(), 1.0)

tests/test_rf_stage1.py::TestStage1RFTraining::test_model_trains_without_error
  /Users/cooperanderson/work/personal/code/colorado-avalanche-ml/.venv/lib/python3.14/site-packages/shap/plots/colors/_colors.py:48: PendingDeprecationWarning: The set_over function will be deprecated in a future version. Use cmap.with_extremes(over=...) or Colormap(over=...) instead.
    red_blue.set_over(gray_rgb.tolist(), 1.0)

tests/test_rf_stage1.py::TestStage1RFTraining::test_model_trains_without_error
  /Users/cooperanderson/work/personal/code/colorado-avalanche-ml/.venv/lib/python3.14/site-packages/shap/plots/colors/_colors.py:49: PendingDeprecationWarning: The set_under function will be deprecated in a future version. Use cmap.with_extremes(under=...) or Colormap(under=...) instead.
    red_blue.set_under(gray_rgb.tolist(), 1.0)  # "under" is incorrectly used instead of "bad" in the scatter plot

-- Docs: https://docs.pytest.org/en/stable/how-to/capture-warnings.html
=========================== short test summary info ============================
FAILED tests/test_alignment.py::TestTemporalSplit::test_split_boundaries - as...
============ 1 failed, 291 passed, 5 warnings in 196.78s (0:03:16) =============
