Running query 1: Swiss IMIS network SLF high elevation automatic weather stations data access API
Running query 2: SLF IMIS avalanche warning weather station network GeoJSON download historical data
Running query 3: NREL wind resource complex terrain meteorological tower dataset dense array
Running query 4: Wind farm meteorological mast data complex terrain research dataset public download
Running query 5: Reynolds Creek Experimental Watershed weather station network data access dense
Running query 6: Senator Beck Basin Study Area weather station network data access
Running query 7: Niwot Ridge LTER meteorological station network data climate
Running query 8: NEON National Ecological Observatory Network meteorological stations complex terrain
Running query 9: MeteoSwiss automatic weather station network data access API download
Running query 10: ZAMG Austria weather station network open data mountain
Running query 11: Meteo France SAFRAR SURFEX mountain reanalysis Alps snow weather data access
Running query 12: CROCUS SAFRAN reanalysis French Alps snow meteorological data download
Running query 13: ski resort weather station network open data snow depth temperature wind
Running query 14: dense mountain meteorological station network complex terrain machine learning dataset
Running query 15: Swiss MeteoSwiss IDAWEB historical weather data mountain stations
Running query 16: Austria mountain weather station network eHYD hydrographic data open
Running query 17: Colorado avalanche information center weather station network data
Running query 18: SNOTEL network USDA snow telemetry weather stations data access density
Running query 19: complex terrain wind field observation dataset training machine learning WindNinja,
Running query 20: alpine meteorological network dense stations 1km spacing terrain
DONE
